Component: ARM Compiler 5.06 update 7 (build 960) Tool: armlink [4d3601]

==============================================================================

Section Cross References

    startup_stm32f103xb.o(RESET) refers to startup_stm32f103xb.o(STACK) for __initial_sp
    startup_stm32f103xb.o(RESET) refers to startup_stm32f103xb.o(.text) for Reset_Handler
    startup_stm32f103xb.o(RESET) refers to stm32f1xx_it.o(i.NMI_Handler) for NMI_Handler
    startup_stm32f103xb.o(RESET) refers to stm32f1xx_it.o(i.HardFault_Handler) for HardFault_Handler
    startup_stm32f103xb.o(RESET) refers to stm32f1xx_it.o(i.MemManage_Handler) for MemManage_Handler
    startup_stm32f103xb.o(RESET) refers to stm32f1xx_it.o(i.BusFault_Handler) for BusFault_Handler
    startup_stm32f103xb.o(RESET) refers to stm32f1xx_it.o(i.UsageFault_Handler) for UsageFault_Handler
    startup_stm32f103xb.o(RESET) refers to port.o(.emb_text) for SVC_Handler
    startup_stm32f103xb.o(RESET) refers to stm32f1xx_it.o(i.DebugMon_Handler) for DebugMon_Handler
    startup_stm32f103xb.o(RESET) refers to port.o(i.SysTick_Handler) for SysTick_Handler
    startup_stm32f103xb.o(RESET) refers to stm32f1xx_it.o(i.ADC1_2_IRQHandler) for ADC1_2_IRQHandler
    startup_stm32f103xb.o(RESET) refers to stm32f1xx_it.o(i.TIM1_UP_IRQHandler) for TIM1_UP_IRQHandler
    startup_stm32f103xb.o(RESET) refers to stm32f1xx_it.o(i.I2C1_EV_IRQHandler) for I2C1_EV_IRQHandler
    startup_stm32f103xb.o(RESET) refers to stm32f1xx_it.o(i.I2C1_ER_IRQHandler) for I2C1_ER_IRQHandler
    startup_stm32f103xb.o(RESET) refers to stm32f1xx_it.o(i.USART1_IRQHandler) for USART1_IRQHandler
    startup_stm32f103xb.o(RESET) refers to stm32f1xx_it.o(i.USART2_IRQHandler) for USART2_IRQHandler
    startup_stm32f103xb.o(.text) refers to system_stm32f1xx.o(i.SystemInit) for SystemInit
    startup_stm32f103xb.o(.text) refers to entry.o(.ARM.Collect$$$$00000000) for __main
    main.o(i.main) refers to stm32f1xx_hal.o(i.HAL_Init) for HAL_Init
    main.o(i.main) refers to delay.o(i.SystemClock_Config) for SystemClock_Config
    main.o(i.main) refers to oled.o(i.MX_GPIO_Init) for MX_GPIO_Init
    main.o(i.main) refers to adc.o(i.MX_ADC1_Init) for MX_ADC1_Init
    main.o(i.main) refers to oled.o(i.MX_I2C1_Init) for MX_I2C1_Init
    main.o(i.main) refers to spi.o(i.MX_SPI1_Init) for MX_SPI1_Init
    main.o(i.main) refers to esp8266.o(i.MX_USART1_UART_Init) for MX_USART1_UART_Init
    main.o(i.main) refers to esp8266.o(i.MX_USART2_UART_Init) for MX_USART2_UART_Init
    main.o(i.main) refers to delay.o(i.MX_CRC_Init) for MX_CRC_Init
    main.o(i.main) refers to oled.o(i.OLED_Init) for OLED_Init
    main.o(i.main) refers to cmsis_os.o(i.osMutexCreate) for osMutexCreate
    main.o(i.main) refers to memcpya.o(.text) for __aeabi_memcpy4
    main.o(i.main) refers to cmsis_os.o(i.osThreadCreate) for osThreadCreate
    main.o(i.main) refers to cmsis_os.o(i.osKernelStart) for osKernelStart
    main.o(i.main) refers to main.o(.data) for .data
    main.o(i.main) refers to main.o(.constdata) for .constdata
    main.o(.constdata) refers to main.o(.conststring) for .conststring
    main.o(.constdata) refers to task_default.o(i.StartDefaultTask) for StartDefaultTask
    main.o(.constdata) refers to task_sensors.o(i.StartSensorTask) for StartSensorTask
    main.o(.constdata) refers to task_display.o(i.StartDisplayTask) for StartDisplayTask
    main.o(.constdata) refers to task_network.o(i.StartMQTTTask) for StartMQTTTask
    freertos.o(i.vApplicationGetIdleTaskMemory) refers to freertos.o(.bss) for .bss
    stm32f1xx_it.o(i.ADC1_2_IRQHandler) refers to stm32f1xx_hal_adc.o(i.HAL_ADC_IRQHandler) for HAL_ADC_IRQHandler
    stm32f1xx_it.o(i.ADC1_2_IRQHandler) refers to adc.o(.bss) for hadc1
    stm32f1xx_it.o(i.I2C1_ER_IRQHandler) refers to stm32f1xx_hal_i2c.o(i.HAL_I2C_ER_IRQHandler) for HAL_I2C_ER_IRQHandler
    stm32f1xx_it.o(i.I2C1_ER_IRQHandler) refers to oled.o(.bss) for hi2c1
    stm32f1xx_it.o(i.I2C1_EV_IRQHandler) refers to stm32f1xx_hal_i2c.o(i.HAL_I2C_EV_IRQHandler) for HAL_I2C_EV_IRQHandler
    stm32f1xx_it.o(i.I2C1_EV_IRQHandler) refers to oled.o(.bss) for hi2c1
    stm32f1xx_it.o(i.TIM1_UP_IRQHandler) refers to stm32f1xx_hal_tim.o(i.HAL_TIM_IRQHandler) for HAL_TIM_IRQHandler
    stm32f1xx_it.o(i.TIM1_UP_IRQHandler) refers to stm32f1xx_hal_timebase_tim.o(.bss) for htim1
    stm32f1xx_it.o(i.USART1_IRQHandler) refers to stm32f1xx_hal_uart.o(i.HAL_UART_IRQHandler) for HAL_UART_IRQHandler
    stm32f1xx_it.o(i.USART1_IRQHandler) refers to esp8266.o(.bss) for huart1
    stm32f1xx_it.o(i.USART2_IRQHandler) refers to stm32f1xx_hal_uart.o(i.HAL_UART_IRQHandler) for HAL_UART_IRQHandler
    stm32f1xx_it.o(i.USART2_IRQHandler) refers to esp8266.o(.bss) for huart2
    stm32f1xx_hal_msp.o(i.HAL_ADC_MspDeInit) refers to stm32f1xx_hal_gpio.o(i.HAL_GPIO_DeInit) for HAL_GPIO_DeInit
    stm32f1xx_hal_msp.o(i.HAL_ADC_MspDeInit) refers to stm32f1xx_hal_cortex.o(i.HAL_NVIC_DisableIRQ) for HAL_NVIC_DisableIRQ
[...]
    .constdata                               0x0800737e   Section       18  stm32f1xx_hal_rcc_ex.o(.constdata)
    aPredivFactorTable                       0x0800737e   Data           2  stm32f1xx_hal_rcc_ex.o(.constdata)
    aPLLMULFactorTable                       0x08007380   Data          16  stm32f1xx_hal_rcc_ex.o(.constdata)
    .constdata                               0x08007390   Section       16  system_stm32f1xx.o(.constdata)
    .constdata                               0x080073a0   Section        8  system_stm32f1xx.o(.constdata)
    .constdata                               0x080073a8   Section      402  oled.o(.constdata)
    F6x8                                     0x080073a8   Data         402  oled.o(.constdata)
    .conststring                             0x0800753c   Section       48  main.o(.conststring)
    .conststring                             0x0800756c   Section      117  esp8266.o(.conststring)
    .conststring                             0x080075e4   Section       32  watchdog.o(.conststring)
    .conststring                             0x08007604   Section       74  task_network.o(.conststring)
    .data                                    0x20000000   Section       28  main.o(.data)
    .data                                    0x2000001c   Section       12  stm32f1xx_hal.o(.data)
    .data                                    0x20000028   Section        4  system_stm32f1xx.o(.data)
    .data                                    0x2000002c   Section       60  tasks.o(.data)
    uxDeletedTasksWaitingCleanUp             0x20000030   Data           4  tasks.o(.data)
    uxCurrentNumberOfTasks                   0x20000034   Data           4  tasks.o(.data)
    xTickCount                               0x20000038   Data           4  tasks.o(.data)
    uxTopReadyPriority                       0x2000003c   Data           4  tasks.o(.data)
    xSchedulerRunning                        0x20000040   Data           4  tasks.o(.data)
    xPendedTicks                             0x20000044   Data           4  tasks.o(.data)
    xYieldPending                            0x20000048   Data           4  tasks.o(.data)
    xNumOfOverflows                          0x2000004c   Data           4  tasks.o(.data)
    uxTaskNumber                             0x20000050   Data           4  tasks.o(.data)
    xNextTaskUnblockTime                     0x20000054   Data           4  tasks.o(.data)
    xIdleTaskHandle                          0x20000058   Data           4  tasks.o(.data)
    uxSchedulerSuspended                     0x2000005c   Data           4  tasks.o(.data)
    pxDelayedTaskList                        0x20000060   Data           4  tasks.o(.data)
    pxOverflowDelayedTaskList                0x20000064   Data           4  tasks.o(.data)
    .data                                    0x20000068   Section       32  heap_4.o(.data)
    pxEnd                                    0x20000068   Data           4  heap_4.o(.data)
    xFreeBytesRemaining                      0x2000006c   Data           4  heap_4.o(.data)
    xMinimumEverFreeBytesRemaining           0x20000070   Data           4  heap_4.o(.data)
    xNumberOfSuccessfulAllocations           0x20000074   Data           4  heap_4.o(.data)
    xNumberOfSuccessfulFrees                 0x20000078   Data           4  heap_4.o(.data)
    xBlockAllocatedBit                       0x2000007c   Data           4  heap_4.o(.data)
    xStart                                   0x20000080   Data           8  heap_4.o(.data)
    .data                                    0x20000088   Section       12  port.o(.data)
    ucMaxSysCallPriority                     0x20000088   Data           1  port.o(.data)
    uxCriticalNesting                        0x2000008c   Data           4  port.o(.data)
    ulMaxPRIGROUPValue                       0x20000090   Data           4  port.o(.data)
    .data                                    0x20000094   Section        8  delay.o(.data)
    .data                                    0x2000009c   Section        2  esp8266.o(.data)
    wifi_status                              0x2000009c   Data           1  esp8266.o(.data)
    mqtt_status                              0x2000009d   Data           1  esp8266.o(.data)
    .data                                    0x200000a0   Section       56  watchdog.o(.data)
    watchdog_enabled                         0x200000a0   Data           1  watchdog.o(.data)
    system_start_time                        0x200000a4   Data           4  watchdog.o(.data)
    tasks                                    0x200000a8   Data          48  watchdog.o(.data)
    .data                                    0x200000d8   Section       16  task_network.o(.data)
    current_state                            0x200000d8   Data           1  task_network.o(.data)
    last_data_send                           0x200000dc   Data           4  task_network.o(.data)
    error_time                               0x200000e0   Data           4  task_network.o(.data)
    last_check                               0x200000e4   Data           4  task_network.o(.data)
    .data                                    0x200000e8   Section       52  task_sensors.o(.data)
    .data                                    0x2000011c   Section        1  task_sensors.o(.data)
    .data                                    0x2000011d   Section        1  task_sensors.o(.data)
    .bss                                     0x20000120   Section      596  freertos.o(.bss)
    xIdleTaskTCBBuffer                       0x20000120   Data          84  freertos.o(.bss)
    xIdleStack                               0x20000174   Data         512  freertos.o(.bss)
    .bss                                     0x20000374   Section       72  stm32f1xx_hal_timebase_tim.o(.bss)
    .bss                                     0x200003bc   Section      240  tasks.o(.bss)
    pxReadyTasksLists                        0x200003bc   Data         140  tasks.o(.bss)
    xDelayedTaskList1                        0x20000448   Data          20  tasks.o(.bss)
    xDelayedTaskList2                        0x2000045c   Data          20  tasks.o(.bss)
    xPendingReadyList                        0x20000470   Data          20  tasks.o(.bss)
    xTasksWaitingTermination                 0x20000484   Data          20  tasks.o(.bss)
    xSuspendedTaskList                       0x20000498   Data          20  tasks.o(.bss)
    .bss                                     0x200004ac   Section    12288  heap_4.o(.bss)
    ucHeap                                   0x200004ac   Data       12288  heap_4.o(.bss)
    .bss                                     0x200034ac   Section       48  adc.o(.bss)
    .bss                                     0x200034dc   Section      656  esp8266.o(.bss)
    esp8266_buffer                           0x2000356c   Data         512  esp8266.o(.bss)
    .bss                                     0x2000376c   Section       84  oled.o(.bss)
    .bss                                     0x200037c0   Section       88  spi.o(.bss)
    .bss                                     0x20003818   Section       12  watchdog.o(.bss)
    hiwdg                                    0x20003818   Data          12  watchdog.o(.bss)
    STACK                                    0x20003828   Section     1024  startup_stm32f103xb.o(STACK)

    Global Symbols

    Symbol Name                              Value     Ov Type        Size  Object(Section)

    BuildAttributes$$THM_ISAv4$P$D$K$B$S$PE$A:L22UL41UL21$X:L11$S22US41US21$IEEE1$IW$USESV6$~STKCKD$USESV7$~SHL$OTIME$ROPI$EBA8$MICROLIB$REQ8$PRES8$EABIv2 0x00000000   Number         0  anon$$obj.o ABSOLUTE
    __ARM_use_no_argv                        0x00000000   Number         0  main.o ABSOLUTE
    _printf_a                                0x00000000   Number         0  stubs.o ABSOLUTE
    _printf_c                                0x00000000   Number         0  stubs.o ABSOLUTE
    _printf_charcount                        0x00000000   Number         0  stubs.o ABSOLUTE
    _printf_d                                0x00000000   Number         0  stubs.o ABSOLUTE
    _printf_e                                0x00000000   Number         0  stubs.o ABSOLUTE
    _printf_f                                0x00000000   Number         0  stubs.o ABSOLUTE
    _printf_flags                            0x00000000   Number         0  stubs.o ABSOLUTE
    _printf_fp_dec                           0x00000000   Number         0  stubs.o ABSOLUTE
    _printf_fp_hex                           0x00000000   Number         0  stubs.o ABSOLUTE
    _printf_g                                0x00000000   Number         0  stubs.o ABSOLUTE
    _printf_i                                0x00000000   Number         0  stubs.o ABSOLUTE
    _printf_int_dec                          0x00000000   Number         0  stubs.o ABSOLUTE
    _printf_l                                0x00000000   Number         0  stubs.o ABSOLUTE
    _printf_lc                               0x00000000   Number         0  stubs.o ABSOLUTE
    _printf_ll                               0x00000000   Number         0  stubs.o ABSOLUTE
    _printf_lld                              0x00000000   Number         0  stubs.o ABSOLUTE
    _printf_lli                              0x00000000   Number         0  stubs.o ABSOLUTE
    _printf_llo                              0x00000000   Number         0  stubs.o ABSOLUTE
    _printf_llu                              0x00000000   Number         0  stubs.o ABSOLUTE
    _printf_llx                              0x00000000   Number         0  stubs.o ABSOLUTE
    _printf_longlong_dec                     0x00000000   Number         0  stubs.o ABSOLUTE
    _printf_longlong_hex                     0x00000000   Number         0  stubs.o ABSOLUTE
    _printf_longlong_oct                     0x00000000   Number         0  stubs.o ABSOLUTE
    _printf_ls                               0x00000000   Number         0  stubs.o ABSOLUTE
    _printf_mbtowc                           0x00000000   Number         0  stubs.o ABSOLUTE
    _printf_n                                0x00000000   Number         0  stubs.o ABSOLUTE
    _printf_o                                0x00000000   Number         0  stubs.o ABSOLUTE
    _printf_p                                0x00000000   Number         0  stubs.o ABSOLUTE
    _printf_percent                          0x00000000   Number         0  stubs.o ABSOLUTE
    _printf_pre_padding                      0x00000000   Number         0  stubs.o ABSOLUTE
    _printf_return_value                     0x00000000   Number         0  stubs.o ABSOLUTE
    _printf_s                                0x00000000   Number         0  stubs.o ABSOLUTE
    _printf_sizespec                         0x00000000   Number         0  stubs.o ABSOLUTE
    _printf_str                              0x00000000   Number         0  stubs.o ABSOLUTE
    _printf_truncate_signed                  0x00000000   Number         0  stubs.o ABSOLUTE
    _printf_truncate_unsigned                0x00000000   Number         0  stubs.o ABSOLUTE
    _printf_u                                0x00000000   Number         0  stubs.o ABSOLUTE
    _printf_wc                               0x00000000   Number         0  stubs.o ABSOLUTE
    _printf_wctomb                           0x00000000   Number         0  stubs.o ABSOLUTE
    _printf_widthprec                        0x00000000   Number         0  stubs.o ABSOLUTE
    _printf_x                                0x00000000   Number         0  stubs.o ABSOLUTE
    __arm_fini_                               - Undefined Weak Reference
    __cpp_initialize__aeabi_                  - Undefined Weak Reference
    __cxa_finalize                            - Undefined Weak Reference
    __decompress                              - Undefined Weak Reference
    _clock_init                               - Undefined Weak Reference
    _microlib_exit                            - Undefined Weak Reference
    __Vectors_Size                           0x000000ec   Number         0  startup_stm32f103xb.o ABSOLUTE
    __Vectors                                0x08000000   Data           4  startup_stm32f103xb.o(RESET)
    __Vectors_End                            0x080000ec   Data           0  startup_stm32f103xb.o(RESET)
    __main                                   0x080000ed   Thumb Code     0  entry.o(.ARM.Collect$$$$00000000)
    _main_stk                                0x080000ed   Thumb Code     0  entry2.o(.ARM.Collect$$$$00000001)
    _main_scatterload                        0x080000f1   Thumb Code     0  entry5.o(.ARM.Collect$$$$00000004)
    __main_after_scatterload                 0x080000f5   Thumb Code     0  entry5.o(.ARM.Collect$$$$00000004)
    _main_clock                              0x080000f5   Thumb Code     0  entry7b.o(.ARM.Collect$$$$00000008)
    _main_cpp_init                           0x080000f5   Thumb Code     0  entry8b.o(.ARM.Collect$$$$0000000A)
    _main_init                               0x080000f5   Thumb Code     0  entry9a.o(.ARM.Collect$$$$0000000B)
    __rt_lib_shutdown_fini                   0x080000fd   Thumb Code     0  entry12b.o(.ARM.Collect$$$$0000000E)
    __rt_final_cpp                           0x08000101   Thumb Code     0  entry10a.o(.ARM.Collect$$$$0000000F)
    __rt_final_exit                          0x08000101   Thumb Code     0  entry11a.o(.ARM.Collect$$$$00000011)
    SVC_Handler                              0x08000105   Thumb Code    32  port.o(.emb_text)
    __asm___6_port_c_39a90d8d__prvStartFirstTask 0x08000129   Thumb Code    28  port.o(.emb_text)
    PendSV_Handler                           0x08000149   Thumb Code    72  port.o(.emb_text)
    vPortGetIPSR                             0x08000195   Thumb Code     6  port.o(.emb_text)
    Reset_Handler                            0x0800019d   Thumb Code     8  startup_stm32f103xb.o(.text)
    CAN1_RX1_IRQHandler                      0x080001b7   Thumb Code     0  startup_stm32f103xb.o(.text)
    CAN1_SCE_IRQHandler                      0x080001b7   Thumb Code     0  startup_stm32f103xb.o(.text)
    DMA1_Channel1_IRQHandler                 0x080001b7   Thumb Code     0  startup_stm32f103xb.o(.text)
    DMA1_Channel2_IRQHandler                 0x080001b7   Thumb Code     0  startup_stm32f103xb.o(.text)
    DMA1_Channel3_IRQHandler                 0x080001b7   Thumb Code     0  startup_stm32f103xb.o(.text)
    DMA1_Channel4_IRQHandler                 0x080001b7   Thumb Code     0  startup_stm32f103xb.o(.text)
    DMA1_Channel5_IRQHandler                 0x080001b7   Thumb Code     0  startup_stm32f103xb.o(.text)
    DMA1_Channel6_IRQHandler                 0x080001b7   Thumb Code     0  startup_stm32f103xb.o(.text)
    DMA1_Channel7_IRQHandler                 0x080001b7   Thumb Code     0  startup_stm32f103xb.o(.text)
    EXTI0_IRQHandler                         0x080001b7   Thumb Code     0  startup_stm32f103xb.o(.text)
    EXTI15_10_IRQHandler                     0x080001b7   Thumb Code     0  startup_stm32f103xb.o(.text)
    EXTI1_IRQHandler                         0x080001b7   Thumb Code     0  startup_stm32f103xb.o(.text)
    EXTI2_IRQHandler                         0x080001b7   Thumb Code     0  startup_stm32f103xb.o(.text)
    EXTI3_IRQHandler                         0x080001b7   Thumb Code     0  startup_stm32f103xb.o(.text)
    EXTI4_IRQHandler                         0x080001b7   Thumb Code     0  startup_stm32f103xb.o(.text)
    EXTI9_5_IRQHandler                       0x080001b7   Thumb Code     0  startup_stm32f103xb.o(.text)
    FLASH_IRQHandler                         0x080001b7   Thumb Code     0  startup_stm32f103xb.o(.text)
    I2C2_ER_IRQHandler                       0x080001b7   Thumb Code     0  startup_stm32f103xb.o(.text)
    I2C2_EV_IRQHandler                       0x080001b7   Thumb Code     0  startup_stm32f103xb.o(.text)
    PVD_IRQHandler                           0x080001b7   Thumb Code     0  startup_stm32f103xb.o(.text)
    RCC_IRQHandler                           0x080001b7   Thumb Code     0  startup_stm32f103xb.o(.text)
    RTC_Alarm_IRQHandler                     0x080001b7   Thumb Code     0  startup_stm32f103xb.o(.text)
    RTC_IRQHandler                           0x080001b7   Thumb Code     0  startup_stm32f103xb.o(.text)
    SPI1_IRQHandler                          0x080001b7   Thumb Code     0  startup_stm32f103xb.o(.text)
    SPI2_IRQHandler                          0x080001b7   Thumb Code     0  startup_stm32f103xb.o(.text)
    TAMPER_IRQHandler                        0x080001b7   Thumb Code     0  startup_stm32f103xb.o(.text)
    TIM1_BRK_IRQHandler                      0x080001b7   Thumb Code     0  startup_stm32f103xb.o(.text)
    TIM1_CC_IRQHandler                       0x080001b7   Thumb Code     0  startup_stm32f103xb.o(.text)
    TIM1_TRG_COM_IRQHandler                  0x080001b7   Thumb Code     0  startup_stm32f103xb.o(.text)
    TIM2_IRQHandler                          0x080001b7   Thumb Code     0  startup_stm32f103xb.o(.text)
    TIM3_IRQHandler                          0x080001b7   Thumb Code     0  startup_stm32f103xb.o(.text)
    TIM4_IRQHandler                          0x080001b7   Thumb Code     0  startup_stm32f103xb.o(.text)
    USART3_IRQHandler                        0x080001b7   Thumb Code     0  startup_stm32f103xb.o(.text)
    USBWakeUp_IRQHandler                     0x080001b7   Thumb Code     0  startup_stm32f103xb.o(.text)
    USB_HP_CAN1_TX_IRQHandler                0x080001b7   Thumb Code     0  startup_stm32f103xb.o(.text)
    USB_LP_CAN1_RX0_IRQHandler               0x080001b7   Thumb Code     0  startup_stm32f103xb.o(.text)
    WWDG_IRQHandler                          0x080001b7   Thumb Code     0  startup_stm32f103xb.o(.text)
    __aeabi_llsr                             0x080001c1   Thumb Code    32  llushr.o(.text)
    _ll_ushift_r                             0x080001c1   Thumb Code     0  llushr.o(.text)
    __aeabi_memcpy                           0x080001e1   Thumb Code    36  memcpya.o(.text)
    __aeabi_memcpy4                          0x080001e1   Thumb Code     0  memcpya.o(.text)
    __aeabi_memcpy8                          0x080001e1   Thumb Code     0  memcpya.o(.text)
    __aeabi_memset                           0x08000205   Thumb Code    14  memseta.o(.text)
    __aeabi_memset4                          0x08000205   Thumb Code     0  memseta.o(.text)
    __aeabi_memset8                          0x08000205   Thumb Code     0  memseta.o(.text)
    __aeabi_memclr                           0x08000213   Thumb Code     4  memseta.o(.text)
    __aeabi_memclr4                          0x08000213   Thumb Code     0  memseta.o(.text)
    __aeabi_memclr8                          0x08000213   Thumb Code     0  memseta.o(.text)
    memset                                   0x08000217   Thumb Code    18  memseta.o(.text)
    strstr                                   0x08000229   Thumb Code    36  strstr.o(.text)
    strlen                                   0x0800024d   Thumb Code    14  strlen.o(.text)
    __aeabi_fadd                             0x0800025b   Thumb Code   164  fadd.o(.text)
    __aeabi_fsub                             0x080002ff   Thumb Code     6  fadd.o(.text)
    __aeabi_frsub                            0x08000305   Thumb Code     6  fadd.o(.text)
    __aeabi_fmul                             0x0800030b   Thumb Code   100  fmul.o(.text)
    __aeabi_fdiv                             0x0800036f   Thumb Code   124  fdiv.o(.text)
    __aeabi_ui2f                             0x080003eb   Thumb Code    10  ffltui.o(.text)
    __aeabi_f2uiz                            0x080003f5   Thumb Code    40  ffixui.o(.text)
    __aeabi_f2d                              0x0800041d   Thumb Code    38  f2d.o(.text)
    __aeabi_cfcmpeq                          0x08000445   Thumb Code     0  cfcmple.o(.text)
    __aeabi_cfcmple                          0x08000445   Thumb Code    20  cfcmple.o(.text)
    __aeabi_uidiv                            0x08000459   Thumb Code     0  uidiv.o(.text)
    __aeabi_uidivmod                         0x08000459   Thumb Code    44  uidiv.o(.text)
    __aeabi_uldivmod                         0x08000485   Thumb Code    98  uldiv.o(.text)
    __I$use$fp                               0x080004e7   Thumb Code     0  iusefp.o(.text)
    _float_round                             0x080004e7   Thumb Code    18  fepilogue.o(.text)
    _float_epilogue                          0x080004f9   Thumb Code    92  fepilogue.o(.text)
    __aeabi_dadd                             0x08000555   Thumb Code   322  dadd.o(.text)
    __aeabi_dsub                             0x08000697   Thumb Code     6  dadd.o(.text)
    __aeabi_drsub                            0x0800069d   Thumb Code     6  dadd.o(.text)
    __aeabi_dmul                             0x080006a3   Thumb Code   228  dmul.o(.text)
    __aeabi_ddiv                             0x08000787   Thumb Code   222  ddiv.o(.text)
    __aeabi_d2ulz                            0x08000865   Thumb Code    48  dfixul.o(.text)
    __aeabi_cdrcmple                         0x08000895   Thumb Code    48  cdrcmple.o(.text)
    __scatterload                            0x080008c5   Thumb Code    28  init.o(.text)
    __scatterload_rt2                        0x080008c5   Thumb Code     0  init.o(.text)
    __aeabi_llsl                             0x080008e9   Thumb Code    30  llshl.o(.text)
    _ll_shift_l                              0x080008e9   Thumb Code     0  llshl.o(.text)
    __aeabi_lasr                             0x08000907   Thumb Code    36  llsshr.o(.text)
    _ll_sshift_r                             0x08000907   Thumb Code     0  llsshr.o(.text)
    _double_round                            0x0800092b   Thumb Code    30  depilogue.o(.text)
    _double_epilogue                         0x08000949   Thumb Code   156  depilogue.o(.text)
    ADC1_2_IRQHandler                        0x080009e5   Thumb Code     6  stm32f1xx_it.o(i.ADC1_2_IRQHandler)
    ADC_ConversionStop_Disable               0x080009f1   Thumb Code    86  stm32f1xx_hal_adc.o(i.ADC_ConversionStop_Disable)
    ADC_Enable                               0x08000a49   Thumb Code   114  stm32f1xx_hal_adc.o(i.ADC_Enable)
    ADC_SelectChannel                        0x08000ac5   Thumb Code    22  adc.o(i.ADC_SelectChannel)
    BusFault_Handler                         0x08000ae1   Thumb Code     2  stm32f1xx_it.o(i.BusFault_Handler)
    DHT11_Read_Data                          0x08000b79   Thumb Code   232  dht11.o(i.DHT11_Read_Data)
    DebugMon_Handler                         0x08000cc1   Thumb Code     2  stm32f1xx_it.o(i.DebugMon_Handler)
    ESP8266_ConnectMQTT                      0x08000cc5   Thumb Code    80  esp8266.o(i.ESP8266_ConnectMQTT)
    ESP8266_ConnectWiFi                      0x08000d5d   Thumb Code    74  esp8266.o(i.ESP8266_ConnectWiFi)
    ESP8266_GetMQTTStatus                    0x08000dcd   Thumb Code     6  esp8266.o(i.ESP8266_GetMQTTStatus)
    ESP8266_GetWiFiStatus                    0x08000dd9   Thumb Code    50  esp8266.o(i.ESP8266_GetWiFiStatus)
    ESP8266_Init                             0x08000e31   Thumb Code    66  esp8266.o(i.ESP8266_Init)
    ESP8266_PublishMQTT                      0x08000e8d   Thumb Code    50  esp8266.o(i.ESP8266_PublishMQTT)
    ESP8266_ReceiveResponse                  0x08000ee5   Thumb Code   132  esp8266.o(i.ESP8266_ReceiveResponse)
    ESP8266_Reset                            0x08000f9d   Thumb Code    62  esp8266.o(i.ESP8266_Reset)
    ESP8266_SendCommand                      0x08000fe5   Thumb Code    38  esp8266.o(i.ESP8266_SendCommand)
    ESP8266_SendCommandWithResponse          0x08001019   Thumb Code    18  esp8266.o(i.ESP8266_SendCommandWithResponse)
    ESP8266_SendSensorData                   0x0800102d   Thumb Code    90  esp8266.o(i.ESP8266_SendSensorData)
    ESP8266_SubscribeMQTT                    0x0800108d   Thumb Code    42  esp8266.o(i.ESP8266_SubscribeMQTT)
    Error_Handler                            0x080010d5   Thumb Code     4  main.o(i.Error_Handler)
    HAL_ADCEx_InjectedConvCpltCallback       0x080010d9   Thumb Code     2  stm32f1xx_hal_adc_ex.o(i.HAL_ADCEx_InjectedConvCpltCallback)
    HAL_ADC_ConfigChannel                    0x080010dd   Thumb Code   240  stm32f1xx_hal_adc.o(i.HAL_ADC_ConfigChannel)
    HAL_ADC_ConvCpltCallback                 0x080011d9   Thumb Code     2  stm32f1xx_hal_adc.o(i.HAL_ADC_ConvCpltCallback)
    HAL_ADC_GetValue                         0x080011db   Thumb Code     6  stm32f1xx_hal_adc.o(i.HAL_ADC_GetValue)
    HAL_ADC_IRQHandler                       0x080011e1   Thumb Code   220  stm32f1xx_hal_adc.o(i.HAL_ADC_IRQHandler)
    HAL_ADC_Init                             0x080012bd   Thumb Code   272  stm32f1xx_hal_adc.o(i.HAL_ADC_Init)
    HAL_ADC_LevelOutOfWindowCallback         0x080013d9   Thumb Code     2  stm32f1xx_hal_adc.o(i.HAL_ADC_LevelOutOfWindowCallback)
    HAL_ADC_MspInit                          0x080013dd   Thumb Code    92  stm32f1xx_hal_msp.o(i.HAL_ADC_MspInit)
    HAL_ADC_PollForConversion                0x08001445   Thumb Code   304  stm32f1xx_hal_adc.o(i.HAL_ADC_PollForConversion)
    HAL_ADC_Start                            0x08001581   Thumb Code   184  stm32f1xx_hal_adc.o(i.HAL_ADC_Start)
    HAL_ADC_Stop                             0x08001641   Thumb Code    52  stm32f1xx_hal_adc.o(i.HAL_ADC_Stop)
    HAL_CRC_Init                             0x08001675   Thumb Code    34  stm32f1xx_hal_crc.o(i.HAL_CRC_Init)
    HAL_CRC_MspInit                          0x08001699   Thumb Code    30  stm32f1xx_hal_msp.o(i.HAL_CRC_MspInit)
    HAL_DMA_Abort                            0x080016c1   Thumb Code    70  stm32f1xx_hal_dma.o(i.HAL_DMA_Abort)
    HAL_DMA_Abort_IT                         0x08001709   Thumb Code   148  stm32f1xx_hal_dma.o(i.HAL_DMA_Abort_IT)
    HAL_DMA_GetState                         0x080017a1   Thumb Code     6  stm32f1xx_hal_dma.o(i.HAL_DMA_GetState)
    HAL_Delay                                0x080017a9   Thumb Code    32  stm32f1xx_hal.o(i.HAL_Delay)
    HAL_GPIO_Init                            0x080017cd   Thumb Code   446  stm32f1xx_hal_gpio.o(i.HAL_GPIO_Init)
    HAL_GPIO_ReadPin                         0x080019ad   Thumb Code    10  stm32f1xx_hal_gpio.o(i.HAL_GPIO_ReadPin)
    HAL_GPIO_WritePin                        0x080019b7   Thumb Code    10  stm32f1xx_hal_gpio.o(i.HAL_GPIO_WritePin)
    HAL_GetTick                              0x080019c1   Thumb Code     6  stm32f1xx_hal.o(i.HAL_GetTick)
    HAL_I2C_AbortCpltCallback                0x080019cd   Thumb Code     2  stm32f1xx_hal_i2c.o(i.HAL_I2C_AbortCpltCallback)
    HAL_I2C_AddrCallback                     0x080019cf   Thumb Code     2  stm32f1xx_hal_i2c.o(i.HAL_I2C_AddrCallback)
    HAL_I2C_ER_IRQHandler                    0x080019d1   Thumb Code   196  stm32f1xx_hal_i2c.o(i.HAL_I2C_ER_IRQHandler)
    HAL_I2C_EV_IRQHandler                    0x08001a95   Thumb Code   560  stm32f1xx_hal_i2c.o(i.HAL_I2C_EV_IRQHandler)
    HAL_I2C_ErrorCallback                    0x08001cc5   Thumb Code     2  stm32f1xx_hal_i2c.o(i.HAL_I2C_ErrorCallback)
    HAL_I2C_Init                             0x08001cc9   Thumb Code   376  stm32f1xx_hal_i2c.o(i.HAL_I2C_Init)
    HAL_I2C_ListenCpltCallback               0x08001e51   Thumb Code     2  stm32f1xx_hal_i2c.o(i.HAL_I2C_ListenCpltCallback)
    HAL_I2C_MasterRxCpltCallback             0x08001e53   Thumb Code     2  stm32f1xx_hal_i2c.o(i.HAL_I2C_MasterRxCpltCallback)
    HAL_I2C_MasterTxCpltCallback             0x08001e55   Thumb Code     2  stm32f1xx_hal_i2c.o(i.HAL_I2C_MasterTxCpltCallback)
    HAL_I2C_Master_Transmit                  0x08001e59   Thumb Code   290  stm32f1xx_hal_i2c.o(i.HAL_I2C_Master_Transmit)
    HAL_I2C_MemRxCpltCallback                0x08001f85   Thumb Code     2  stm32f1xx_hal_i2c.o(i.HAL_I2C_MemRxCpltCallback)
    HAL_I2C_MemTxCpltCallback                0x08001f87   Thumb Code     2  stm32f1xx_hal_i2c.o(i.HAL_I2C_MemTxCpltCallback)
    HAL_I2C_MspInit                          0x08001f89   Thumb Code   112  stm32f1xx_hal_msp.o(i.HAL_I2C_MspInit)
    HAL_I2C_SlaveRxCpltCallback              0x08002005   Thumb Code     2  stm32f1xx_hal_i2c.o(i.HAL_I2C_SlaveRxCpltCallback)
    HAL_I2C_SlaveTxCpltCallback              0x08002007   Thumb Code     2  stm32f1xx_hal_i2c.o(i.HAL_I2C_SlaveTxCpltCallback)
    HAL_IWDG_Init                            0x08002009   Thumb Code    94  stm32f1xx_hal_iwdg.o(i.HAL_IWDG_Init)
    HAL_IWDG_Refresh                         0x08002067   Thumb Code    12  stm32f1xx_hal_iwdg.o(i.HAL_IWDG_Refresh)
    HAL_IncTick                              0x08002075   Thumb Code    12  stm32f1xx_hal.o(i.HAL_IncTick)
    HAL_Init                                 0x08002085   Thumb Code    32  stm32f1xx_hal.o(i.HAL_Init)
    HAL_InitTick                             0x080020a9   Thumb Code    98  stm32f1xx_hal_timebase_tim.o(i.HAL_InitTick)
    HAL_MspInit                              0x0800211d   Thumb Code    62  stm32f1xx_hal_msp.o(i.HAL_MspInit)
    HAL_NVIC_EnableIRQ                       0x08002165   Thumb Code    26  stm32f1xx_hal_cortex.o(i.HAL_NVIC_EnableIRQ)
    HAL_NVIC_SetPriority                     0x08002181   Thumb Code    60  stm32f1xx_hal_cortex.o(i.HAL_NVIC_SetPriority)
    HAL_NVIC_SetPriorityGrouping             0x080021c1   Thumb Code    26  stm32f1xx_hal_cortex.o(i.HAL_NVIC_SetPriorityGrouping)
    HAL_RCCEx_GetPeriphCLKFreq               0x080021e5   Thumb Code   148  stm32f1xx_hal_rcc_ex.o(i.HAL_RCCEx_GetPeriphCLKFreq)
    HAL_RCCEx_PeriphCLKConfig                0x08002289   Thumb Code   224  stm32f1xx_hal_rcc_ex.o(i.HAL_RCCEx_PeriphCLKConfig)
    HAL_RCC_ClockConfig                      0x08002375   Thumb Code   280  stm32f1xx_hal_rcc.o(i.HAL_RCC_ClockConfig)
    HAL_RCC_GetClockConfig                   0x080024a1   Thumb Code    54  stm32f1xx_hal_rcc.o(i.HAL_RCC_GetClockConfig)
    HAL_RCC_GetPCLK1Freq                     0x080024e1   Thumb Code    20  stm32f1xx_hal_rcc.o(i.HAL_RCC_GetPCLK1Freq)
    HAL_RCC_GetPCLK2Freq                     0x08002501   Thumb Code    20  stm32f1xx_hal_rcc.o(i.HAL_RCC_GetPCLK2Freq)
    HAL_RCC_GetSysClockFreq                  0x08002521   Thumb Code    58  stm32f1xx_hal_rcc.o(i.HAL_RCC_GetSysClockFreq)
    HAL_RCC_OscConfig                        0x0800256d   Thumb Code   778  stm32f1xx_hal_rcc.o(i.HAL_RCC_OscConfig)
    HAL_SPI_Init                             0x0800288d   Thumb Code   178  stm32f1xx_hal_spi.o(i.HAL_SPI_Init)
    HAL_SPI_MspInit                          0x08002941   Thumb Code    98  stm32f1xx_hal_msp.o(i.HAL_SPI_MspInit)
    HAL_TIMEx_BreakCallback                  0x080029b1   Thumb Code     2  stm32f1xx_hal_tim_ex.o(i.HAL_TIMEx_BreakCallback)
    HAL_TIMEx_CommutCallback                 0x080029b3   Thumb Code     2  stm32f1xx_hal_tim_ex.o(i.HAL_TIMEx_CommutCallback)
    HAL_TIM_Base_Init                        0x080029b5   Thumb Code    90  stm32f1xx_hal_tim.o(i.HAL_TIM_Base_Init)
    HAL_TIM_Base_MspInit                     0x08002a0f   Thumb Code     2  stm32f1xx_hal_tim.o(i.HAL_TIM_Base_MspInit)
    HAL_TIM_Base_Start_IT                    0x08002a11   Thumb Code    76  stm32f1xx_hal_tim.o(i.HAL_TIM_Base_Start_IT)
    HAL_TIM_IC_CaptureCallback               0x08002a69   Thumb Code     2  stm32f1xx_hal_tim.o(i.HAL_TIM_IC_CaptureCallback)
    HAL_TIM_IRQHandler                       0x08002a6b   Thumb Code   304  stm32f1xx_hal_tim.o(i.HAL_TIM_IRQHandler)
    HAL_TIM_OC_DelayElapsedCallback          0x08002b9b   Thumb Code     2  stm32f1xx_hal_tim.o(i.HAL_TIM_OC_DelayElapsedCallback)
    HAL_TIM_PWM_PulseFinishedCallback        0x08002b9d   Thumb Code     2  stm32f1xx_hal_tim.o(i.HAL_TIM_PWM_PulseFinishedCallback)
    HAL_TIM_PeriodElapsedCallback            0x08002ba1   Thumb Code    14  delay.o(i.HAL_TIM_PeriodElapsedCallback)
    HAL_TIM_TriggerCallback                  0x08002bb5   Thumb Code     2  stm32f1xx_hal_tim.o(i.HAL_TIM_TriggerCallback)
    HAL_UARTEx_RxEventCallback               0x08002bb7   Thumb Code     2  stm32f1xx_hal_uart.o(i.HAL_UARTEx_RxEventCallback)
    HAL_UART_ErrorCallback                   0x08002bb9   Thumb Code     2  stm32f1xx_hal_uart.o(i.HAL_UART_ErrorCallback)
    HAL_UART_IRQHandler                      0x08002bbd   Thumb Code   616  stm32f1xx_hal_uart.o(i.HAL_UART_IRQHandler)
    HAL_UART_Init                            0x08002e29   Thumb Code   100  stm32f1xx_hal_uart.o(i.HAL_UART_Init)
    HAL_UART_MspInit                         0x08002e8d   Thumb Code   200  stm32f1xx_hal_msp.o(i.HAL_UART_MspInit)
    HAL_UART_Receive                         0x08002f65   Thumb Code   176  stm32f1xx_hal_uart.o(i.HAL_UART_Receive)
    HAL_UART_RxCpltCallback                  0x08003015   Thumb Code     2  stm32f1xx_hal_uart.o(i.HAL_UART_RxCpltCallback)
    HAL_UART_Transmit                        0x08003017   Thumb Code   160  stm32f1xx_hal_uart.o(i.HAL_UART_Transmit)
    HAL_UART_TxCpltCallback                  0x080030b7   Thumb Code     2  stm32f1xx_hal_uart.o(i.HAL_UART_TxCpltCallback)
    HardFault_Handler                        0x080030b9   Thumb Code     2  stm32f1xx_it.o(i.HardFault_Handler)
    I2C1_ER_IRQHandler                       0x080030bd   Thumb Code     6  stm32f1xx_it.o(i.I2C1_ER_IRQHandler)
    I2C1_EV_IRQHandler                       0x080030c9   Thumb Code     6  stm32f1xx_it.o(i.I2C1_EV_IRQHandler)
    LDR_Calculate_Lux                        0x08003d89   Thumb Code    28  adc.o(i.LDR_Calculate_Lux)
    LDR_Get_Light_Level                      0x08003dad   Thumb Code    24  adc.o(i.LDR_Get_Light_Level)
    LDR_Read_Average                         0x08003dc9   Thumb Code    72  adc.o(i.LDR_Read_Average)
    LDR_Read_Raw                             0x08003e19   Thumb Code    52  adc.o(i.LDR_Read_Raw)
    MQ135_Air_Quality_Detect                 0x08003e51   Thumb Code    28  adc.o(i.MQ135_Air_Quality_Detect)
    MQ135_Calculate_PPM                      0x08003e6d   Thumb Code    62  adc.o(i.MQ135_Calculate_PPM)
    MQ135_Read_Average                       0x08003ec1   Thumb Code    72  adc.o(i.MQ135_Read_Average)
    MQ135_Read_Raw                           0x08003f11   Thumb Code    52  adc.o(i.MQ135_Read_Raw)
    MQ2_Read_Average                         0x08003f49   Thumb Code    72  adc.o(i.MQ2_Read_Average)
    MQ2_Read_PPM                             0x08003f99   Thumb Code    46  adc.o(i.MQ2_Read_PPM)
    MQ2_Read_Raw                             0x08003fd9   Thumb Code    52  adc.o(i.MQ2_Read_Raw)
    MQ2_Smoke_Detect                         0x08004011   Thumb Code    28  adc.o(i.MQ2_Smoke_Detect)
    MX_ADC1_Init                             0x0800402d   Thumb Code   114  adc.o(i.MX_ADC1_Init)
    MX_CRC_Init                              0x080040a9   Thumb Code    28  delay.o(i.MX_CRC_Init)
    MX_GPIO_Init                             0x080040cd   Thumb Code   174  oled.o(i.MX_GPIO_Init)
    MX_I2C1_Init                             0x08004189   Thumb Code    50  oled.o(i.MX_I2C1_Init)
    MX_SPI1_Init                             0x080041c9   Thumb Code    62  spi.o(i.MX_SPI1_Init)
    MX_USART1_UART_Init                      0x08004211   Thumb Code    32  esp8266.o(i.MX_USART1_UART_Init)
    MX_USART2_UART_Init                      0x08004239   Thumb Code    32  esp8266.o(i.MX_USART2_UART_Init)
    MemManage_Handler                        0x08004261   Thumb Code     2  stm32f1xx_it.o(i.MemManage_Handler)
    NMI_Handler                              0x08004263   Thumb Code     2  stm32f1xx_it.o(i.NMI_Handler)
    Network_CheckSensorFaults                0x08004265   Thumb Code   134  task_network.o(i.Network_CheckSensorFaults)
    Network_GetStateString                   0x0800436d   Thumb Code    46  task_network.o(i.Network_GetStateString)
    Network_SendSensorData                   0x080043e5   Thumb Code    94  task_network.o(i.Network_SendSensorData)
    Network_SendStatusInfo                   0x08004465   Thumb Code    40  task_network.o(i.Network_SendStatusInfo)
    OLED_Clear                               0x080044a5   Thumb Code    60  oled.o(i.OLED_Clear)
    OLED_Clear_Line                          0x080044e1   Thumb Code    34  oled.o(i.OLED_Clear_Line)
    OLED_Display_Off                         0x08004503   Thumb Code    30  oled.o(i.OLED_Display_Off)
    OLED_Display_On                          0x08004521   Thumb Code    30  oled.o(i.OLED_Display_On)
    OLED_Init                                0x0800453f   Thumb Code   240  oled.o(i.OLED_Init)
    OLED_Set_Pos                             0x0800462f   Thumb Code    40  oled.o(i.OLED_Set_Pos)
    OLED_ShowChar                            0x08004659   Thumb Code   110  oled.o(i.OLED_ShowChar)
    OLED_ShowFloat                           0x080046cd   Thumb Code   108  oled.o(i.OLED_ShowFloat)
    OLED_ShowNum                             0x08004739   Thumb Code    74  oled.o(i.OLED_ShowNum)
    OLED_ShowString                          0x08004783   Thumb Code    50  oled.o(i.OLED_ShowString)
    StartDefaultTask                         0x080047d9   Thumb Code    86  task_default.o(i.StartDefaultTask)
    StartDisplayTask                         0x08004831   Thumb Code   602  task_display.o(i.StartDisplayTask)
    StartMQTTTask                            0x08004b81   Thumb Code   362  task_network.o(i.StartMQTTTask)
    StartSensorTask                          0x08004d49   Thumb Code   460  task_sensors.o(i.StartSensorTask)
    SysTick_Handler                          0x08004f31   Thumb Code    38  port.o(i.SysTick_Handler)
    SystemClock_Config                       0x08004f5d   Thumb Code   120  delay.o(i.SystemClock_Config)
    SystemInit                               0x08004fd5   Thumb Code     2  system_stm32f1xx.o(i.SystemInit)
    TIM1_UP_IRQHandler                       0x08004fd9   Thumb Code     6  stm32f1xx_it.o(i.TIM1_UP_IRQHandler)
    TIM_Base_SetConfig                       0x08004fe5   Thumb Code   108  stm32f1xx_hal_tim.o(i.TIM_Base_SetConfig)
    USART1_IRQHandler                        0x080052a9   Thumb Code     6  stm32f1xx_it.o(i.USART1_IRQHandler)
    USART2_IRQHandler                        0x080052b5   Thumb Code     6  stm32f1xx_it.o(i.USART2_IRQHandler)
    UsageFault_Handler                       0x080052c1   Thumb Code     2  stm32f1xx_it.o(i.UsageFault_Handler)
    Watchdog_Check_All_Tasks                 0x080052c5   Thumb Code    74  watchdog.o(i.Watchdog_Check_All_Tasks)
    Watchdog_Feed                            0x08005315   Thumb Code    16  watchdog.o(i.Watchdog_Feed)
    Watchdog_Init                            0x0800532d   Thumb Code    72  watchdog.o(i.Watchdog_Init)
    Watchdog_Task_Heartbeat                  0x08005381   Thumb Code    34  watchdog.o(i.Watchdog_Task_Heartbeat)
    __0sprintf                               0x080053a9   Thumb Code    34  printfa.o(i.__0sprintf)
    __1sprintf                               0x080053a9   Thumb Code     0  printfa.o(i.__0sprintf)
    __2sprintf                               0x080053a9   Thumb Code     0  printfa.o(i.__0sprintf)
    __c89sprintf                             0x080053a9   Thumb Code     0  printfa.o(i.__0sprintf)
    sprintf                                  0x080053a9   Thumb Code     0  printfa.o(i.__0sprintf)
    __scatterload_copy                       0x080053f1   Thumb Code    14  handlers.o(i.__scatterload_copy)
    __scatterload_null                       0x080053ff   Thumb Code     2  handlers.o(i.__scatterload_null)
    __scatterload_zeroinit                   0x08005401   Thumb Code    14  handlers.o(i.__scatterload_zeroinit)
    main                                     0x08005cb1   Thumb Code   174  main.o(i.main)
    osDelay                                  0x08005d85   Thumb Code    14  cmsis_os.o(i.osDelay)
    osKernelStart                            0x08005d93   Thumb Code    10  cmsis_os.o(i.osKernelStart)
    osMutexCreate                            0x08005d9d   Thumb Code    16  cmsis_os.o(i.osMutexCreate)
    osMutexRelease                           0x08005dad   Thumb Code    74  cmsis_os.o(i.osMutexRelease)
    osMutexWait                              0x08005dfd   Thumb Code    96  cmsis_os.o(i.osMutexWait)
    osThreadCreate                           0x08005e61   Thumb Code    84  cmsis_os.o(i.osThreadCreate)
    pvPortMalloc                             0x08006361   Thumb Code   226  heap_4.o(i.pvPortMalloc)
    pvTaskIncrementMutexHeldCount            0x08006449   Thumb Code    18  tasks.o(i.pvTaskIncrementMutexHeldCount)
    pxPortInitialiseStack                    0x08006461   Thumb Code    32  port.o(i.pxPortInitialiseStack)
    uxListRemove                             0x08006485   Thumb Code    38  list.o(i.uxListRemove)
    vApplicationGetIdleTaskMemory            0x080064ad   Thumb Code    16  freertos.o(i.vApplicationGetIdleTaskMemory)
    vApplicationMallocFailedHook             0x080064c1   Thumb Code     2  freertos.o(i.vApplicationMallocFailedHook)
    vListInitialise                          0x080064c3   Thumb Code    22  list.o(i.vListInitialise)
    vListInitialiseItem                      0x080064d9   Thumb Code     6  list.o(i.vListInitialiseItem)
    vListInsert                              0x080064df   Thumb Code    48  list.o(i.vListInsert)
    vListInsertEnd                           0x0800650f   Thumb Code    24  list.o(i.vListInsertEnd)
    vPortEnterCritical                       0x08006529   Thumb Code    54  port.o(i.vPortEnterCritical)
    vPortExitCritical                        0x08006569   Thumb Code    34  port.o(i.vPortExitCritical)
    vPortFree                                0x08006591   Thumb Code    94  heap_4.o(i.vPortFree)
    vPortSetupTimerInterrupt                 0x080065f5   Thumb Code    32  port.o(i.vPortSetupTimerInterrupt)
    vPortValidateInterruptPriority           0x08006619   Thumb Code    74  port.o(i.vPortValidateInterruptPriority)
    vTaskDelay                               0x0800666d   Thumb Code    66  tasks.o(i.vTaskDelay)
    vTaskInternalSetTimeOutState             0x080066b9   Thumb Code    12  tasks.o(i.vTaskInternalSetTimeOutState)
    vTaskMissedYield                         0x080066c9   Thumb Code     8  tasks.o(i.vTaskMissedYield)
    vTaskPlaceOnEventList                    0x080066d5   Thumb Code    44  tasks.o(i.vTaskPlaceOnEventList)
    vTaskPriorityDisinheritAfterTimeout      0x08006705   Thumb Code   152  tasks.o(i.vTaskPriorityDisinheritAfterTimeout)
    vTaskStartScheduler                      0x080067a5   Thumb Code    90  tasks.o(i.vTaskStartScheduler)
    vTaskSuspendAll                          0x08006811   Thumb Code    10  tasks.o(i.vTaskSuspendAll)
    vTaskSwitchContext                       0x08006821   Thumb Code    82  tasks.o(i.vTaskSwitchContext)
    xPortStartScheduler                      0x0800687d   Thumb Code   154  port.o(i.xPortStartScheduler)
    xQueueCreateMutex                        0x08006925   Thumb Code    22  queue.o(i.xQueueCreateMutex)
    xQueueCreateMutexStatic                  0x0800693b   Thumb Code    26  queue.o(i.xQueueCreateMutexStatic)
    xQueueGenericCreate                      0x08006955   Thumb Code    66  queue.o(i.xQueueGenericCreate)
    xQueueGenericCreateStatic                0x08006997   Thumb Code   102  queue.o(i.xQueueGenericCreateStatic)
    xQueueGenericReset                       0x080069fd   Thumb Code   132  queue.o(i.xQueueGenericReset)
    xQueueGenericSend                        0x08006a85   Thumb Code   346  queue.o(i.xQueueGenericSend)
    xQueueGiveFromISR                        0x08006be5   Thumb Code   156  queue.o(i.xQueueGiveFromISR)
    xQueueReceiveFromISR                     0x08006c81   Thumb Code   154  queue.o(i.xQueueReceiveFromISR)
    xQueueSemaphoreTake                      0x08006d1d   Thumb Code   372  queue.o(i.xQueueSemaphoreTake)
    xTaskCheckForTimeOut                     0x08006e95   Thumb Code   112  tasks.o(i.xTaskCheckForTimeOut)
    xTaskCreate                              0x08006f09   Thumb Code    90  tasks.o(i.xTaskCreate)
    xTaskCreateStatic                        0x08006f63   Thumb Code    86  tasks.o(i.xTaskCreateStatic)
    xTaskGetSchedulerState                   0x08006fb9   Thumb Code    22  tasks.o(i.xTaskGetSchedulerState)
    xTaskIncrementTick                       0x08006fd5   Thumb Code   194  tasks.o(i.xTaskIncrementTick)
    xTaskPriorityDisinherit                  0x080070a1   Thumb Code   144  tasks.o(i.xTaskPriorityDisinherit)
    xTaskPriorityInherit                     0x08007139   Thumb Code   130  tasks.o(i.xTaskPriorityInherit)
    xTaskRemoveFromEventList                 0x080071c5   Thumb Code   108  tasks.o(i.xTaskRemoveFromEventList)
    xTaskResumeAll                           0x08007239   Thumb Code   182  tasks.o(i.xTaskResumeAll)
    AHBPrescTable                            0x08007390   Data          16  system_stm32f1xx.o(.constdata)
    APBPrescTable                            0x080073a0   Data           8  system_stm32f1xx.o(.constdata)
    Region$$Table$$Base                      0x08007650   Number         0  anon$$obj.o(Region$$Table)
    Region$$Table$$Limit                     0x08007670   Number         0  anon$$obj.o(Region$$Table)
    DefaultTaskHandle                        0x20000000   Data           4  main.o(.data)
    SensorTaskHandle                         0x20000004   Data           4  main.o(.data)
    DisplayTaskHandle                        0x20000008   Data           4  main.o(.data)
    MqttTaskHandle                           0x2000000c   Data           4  main.o(.data)
    sensorDataMutexHandle                    0x20000010   Data           4  main.o(.data)
    OledMutexHandle                          0x20000014   Data           4  main.o(.data)
    ESP8266MutexHandle                       0x20000018   Data           4  main.o(.data)
    uwTickFreq                               0x2000001c   Data           1  stm32f1xx_hal.o(.data)
    uwTickPrio                               0x20000020   Data           4  stm32f1xx_hal.o(.data)
    uwTick                                   0x20000024   Data           4  stm32f1xx_hal.o(.data)
    SystemCoreClock                          0x20000028   Data           4  system_stm32f1xx.o(.data)
    pxCurrentTCB                             0x2000002c   Data           4  tasks.o(.data)
    hcrc                                     0x20000094   Data           8  delay.o(.data)
    g_power_save_mode                        0x200000e8   Data           1  task_sensors.o(.data)
    g_dht11_ok                               0x200000e9   Data           1  task_sensors.o(.data)
    g_smoke_alarm                            0x200000ea   Data           1  task_sensors.o(.data)
    g_air_quality_alarm                      0x200000eb   Data           1  task_sensors.o(.data)
    g_light_level                            0x200000ec   Data           1  task_sensors.o(.data)
    g_dht11_error_count                      0x200000ed   Data           1  task_sensors.o(.data)
    g_mq2_error_count                        0x200000ee   Data           1  task_sensors.o(.data)
    g_mq135_error_count                      0x200000ef   Data           1  task_sensors.o(.data)
    g_ldr_error_count                        0x200000f0   Data           1  task_sensors.o(.data)
    g_air_quality_ppm                        0x200000f2   Data           2  task_sensors.o(.data)
    g_light_lux                              0x200000f4   Data           2  task_sensors.o(.data)
    g_temperature                            0x200000f8   Data           4  task_sensors.o(.data)
    g_humidity                               0x200000fc   Data           4  task_sensors.o(.data)
    g_smoke_voltage                          0x20000100   Data           4  task_sensors.o(.data)
    g_smoke_adc                              0x20000104   Data           4  task_sensors.o(.data)
    g_smoke_ppm                              0x20000108   Data           4  task_sensors.o(.data)
    g_air_quality_voltage                    0x2000010c   Data           4  task_sensors.o(.data)
    g_air_quality_adc                        0x20000110   Data           4  task_sensors.o(.data)
    g_light_voltage                          0x20000114   Data           4  task_sensors.o(.data)
    g_light_adc                              0x20000118   Data           4  task_sensors.o(.data)
    g_wifi_connected                         0x2000011c   Data           1  task_sensors.o(.data)
    g_mqtt_connected                         0x2000011d   Data           1  task_sensors.o(.data)
    htim1                                    0x20000374   Data          72  stm32f1xx_hal_timebase_tim.o(.bss)
    hadc1                                    0x200034ac   Data          48  adc.o(.bss)
    huart1                                   0x200034dc   Data          72  esp8266.o(.bss)
    huart2                                   0x20003524   Data          72  esp8266.o(.bss)
    hi2c1                                    0x2000376c   Data          84  oled.o(.bss)
    hspi1                                    0x200037c0   Data          88  spi.o(.bss)
    __initial_sp                             0x20003c28   Data           0  startup_stm32f103xb.o(STACK)



==============================================================================

Memory Map of the image

  Image Entry point : 0x080000ed

  Load Region LR_IROM1 (Base: 0x08000000, Size: 0x00007790, Max: 0x00010000, ABSOLUTE)

    Execution Region ER_IROM1 (Exec base: 0x08000000, Load base: 0x08000000, Size: 0x00007670, Max: 0x00010000, ABSOLUTE)

    Exec Addr    Load Addr    Size         Type   Attr      Idx    E Section Name        Object

    0x08000000   0x08000000   0x000000ec   Data   RO            3    RESET               startup_stm32f103xb.o
    0x080000ec   0x080000ec   0x00000000   Code   RO         6104  * .ARM.Collect$$$$00000000  mc_w.l(entry.o)
    0x080000ec   0x080000ec   0x00000004   Code   RO         6398    .ARM.Collect$$$$00000001  mc_w.l(entry2.o)
    0x080000f0   0x080000f0   0x00000004   Code   RO         6401    .ARM.Collect$$$$00000004  mc_w.l(entry5.o)
    0x080000f4   0x080000f4   0x00000000   Code   RO         6403    .ARM.Collect$$$$00000008  mc_w.l(entry7b.o)
    0x080000f4   0x080000f4   0x00000000   Code   RO         6405    .ARM.Collect$$$$0000000A  mc_w.l(entry8b.o)
    0x080000f4   0x080000f4   0x00000008   Code   RO         6406    .ARM.Collect$$$$0000000B  mc_w.l(entry9a.o)
    0x080000fc   0x080000fc   0x00000004   Code   RO         6413    .ARM.Collect$$$$0000000E  mc_w.l(entry12b.o)
    0x08000100   0x08000100   0x00000000   Code   RO         6408    .ARM.Collect$$$$0000000F  mc_w.l(entry10a.o)
    0x08000100   0x08000100   0x00000000   Code   RO         6410    .ARM.Collect$$$$00000011  mc_w.l(entry11a.o)
    0x08000100   0x08000100   0x00000004   Code   RO         6399    .ARM.Collect$$$$00002712  mc_w.l(entry2.o)
    0x08000104   0x08000104   0x00000096   Code   RO         5248    .emb_text           port.o
    0x0800019a   0x0800019a   0x00000002   PAD
    0x0800019c   0x0800019c   0x00000024   Code   RO            4    .text               startup_stm32f103xb.o
    0x080001c0   0x080001c0   0x00000020   Code   RO         6107    .text               mc_w.l(llushr.o)
    0x080001e0   0x080001e0   0x00000024   Code   RO         6109    .text               mc_w.l(memcpya.o)
    0x08000204   0x08000204   0x00000024   Code   RO         6113    .text               mc_w.l(memseta.o)
    0x08000228   0x08000228   0x00000024   Code   RO         6115    .text               mc_w.l(strstr.o)
    0x0800024c   0x0800024c   0x0000000e   Code   RO         6119    .text               mc_w.l(strlen.o)
    0x0800025a   0x0800025a   0x000000b0   Code   RO         6384    .text               mf_w.l(fadd.o)
    0x0800030a   0x0800030a   0x00000064   Code   RO         6386    .text               mf_w.l(fmul.o)
    0x0800036e   0x0800036e   0x0000007c   Code   RO         6388    .text               mf_w.l(fdiv.o)
    0x080003ea   0x080003ea   0x0000000a   Code   RO         6390    .text               mf_w.l(ffltui.o)
    0x080003f4   0x080003f4   0x00000028   Code   RO         6392    .text               mf_w.l(ffixui.o)
    0x0800041c   0x0800041c   0x00000026   Code   RO         6394    .text               mf_w.l(f2d.o)
    0x08000442   0x08000442   0x00000002   PAD
    0x08000444   0x08000444   0x00000014   Code   RO         6396    .text               mf_w.l(cfcmple.o)
    0x08000458   0x08000458   0x0000002c   Code   RO         6417    .text               mc_w.l(uidiv.o)
    0x08000484   0x08000484   0x00000062   Code   RO         6419    .text               mc_w.l(uldiv.o)
    0x080004e6   0x080004e6   0x00000000   Code   RO         6421    .text               mc_w.l(iusefp.o)
    0x080004e6   0x080004e6   0x0000006e   Code   RO         6422    .text               mf_w.l(fepilogue.o)
    0x08000554   0x08000554   0x0000014e   Code   RO         6424    .text               mf_w.l(dadd.o)
    0x080006a2   0x080006a2   0x000000e4   Code   RO         6426    .text               mf_w.l(dmul.o)
    0x08000786   0x08000786   0x000000de   Code   RO         6428    .text               mf_w.l(ddiv.o)
    0x08000864   0x08000864   0x00000030   Code   RO         6430    .text               mf_w.l(dfixul.o)
    0x08000894   0x08000894   0x00000030   Code   RO         6432    .text               mf_w.l(cdrcmple.o)
    0x080008c4   0x080008c4   0x00000024   Code   RO         6434    .text               mc_w.l(init.o)
    0x080008e8   0x080008e8   0x0000001e   Code   RO         6437    .text               mc_w.l(llshl.o)
    0x08000906   0x08000906   0x00000024   Code   RO         6439    .text               mc_w.l(llsshr.o)
    0x0800092a   0x0800092a   0x000000ba   Code   RO         6442    .text               mf_w.l(depilogue.o)
    0x080009e4   0x080009e4   0x0000000c   Code   RO          249    i.ADC1_2_IRQHandler  stm32f1xx_it.o
    0x080009f0   0x080009f0   0x00000056   Code   RO          502    i.ADC_ConversionStop_Disable  stm32f1xx_hal_adc.o
    0x08000a46   0x08000a46   0x00000002   PAD
    0x08000a48   0x08000a48   0x0000007c   Code   RO          506    i.ADC_Enable        stm32f1xx_hal_adc.o
    0x08000ac4   0x08000ac4   0x0000001c   Code   RO         5328    i.ADC_SelectChannel  adc.o
    0x08000ae0   0x08000ae0   0x00000002   Code   RO          250    i.BusFault_Handler  stm32f1xx_it.o
    0x08000ae2   0x08000ae2   0x00000002   PAD
    0x08000ae4   0x08000ae4   0x00000020   Code   RO         5517    i.DHT11_Delay_us    dht11.o
    0x08000b04   0x08000b04   0x00000074   Code   RO         5518    i.DHT11_Read_Byte   dht11.o
    0x08000b78   0x08000b78   0x000000f0   Code   RO         5519    i.DHT11_Read_Data   dht11.o
    0x08000c68   0x08000c68   0x00000058   Code   RO         5522    i.DHT11_Start_Signal  dht11.o
    0x08000cc0   0x08000cc0   0x00000002   Code   RO          251    i.DebugMon_Handler  stm32f1xx_it.o
    0x08000cc2   0x08000cc2   0x00000002   PAD
    0x08000cc4   0x08000cc4   0x00000098   Code   RO         5578    i.ESP8266_ConnectMQTT  esp8266.o
    0x08000d5c   0x08000d5c   0x00000070   Code   RO         5579    i.ESP8266_ConnectWiFi  esp8266.o
    0x08000dcc   0x08000dcc   0x0000000c   Code   RO         5583    i.ESP8266_GetMQTTStatus  esp8266.o
    0x08000dd8   0x08000dd8   0x00000058   Code   RO         5585    i.ESP8266_GetWiFiStatus  esp8266.o
    0x08000e30   0x08000e30   0x0000005c   Code   RO         5586    i.ESP8266_Init      esp8266.o
    0x08000e8c   0x08000e8c   0x00000058   Code   RO         5587    i.ESP8266_PublishMQTT  esp8266.o
    0x08000ee4   0x08000ee4   0x000000b8   Code   RO         5589    i.ESP8266_ReceiveResponse  esp8266.o
    0x08000f9c   0x08000f9c   0x00000048   Code   RO         5590    i.ESP8266_Reset     esp8266.o
    0x08000fe4   0x08000fe4   0x00000034   Code   RO         5592    i.ESP8266_SendCommand  esp8266.o
    0x08001018   0x08001018   0x00000012   Code   RO         5593    i.ESP8266_SendCommandWithResponse  esp8266.o
    0x0800102a   0x0800102a   0x00000002   PAD
    0x0800102c   0x0800102c   0x00000060   Code   RO         5594    i.ESP8266_SendSensorData  esp8266.o
    0x0800108c   0x0800108c   0x00000048   Code   RO         5595    i.ESP8266_SubscribeMQTT  esp8266.o
    0x080010d4   0x080010d4   0x00000004   Code   RO           13    i.Error_Handler     main.o
    0x080010d8   0x080010d8   0x00000002   Code   RO          684    i.HAL_ADCEx_InjectedConvCpltCallback  stm32f1xx_hal_adc_ex.o
    0x080010da   0x080010da   0x00000002   PAD
    0x080010dc   0x080010dc   0x000000fc   Code   RO          508    i.HAL_ADC_ConfigChannel  stm32f1xx_hal_adc.o
    0x080011d8   0x080011d8   0x00000002   Code   RO          509    i.HAL_ADC_ConvCpltCallback  stm32f1xx_hal_adc.o
    0x080011da   0x080011da   0x00000006   Code   RO          515    i.HAL_ADC_GetValue  stm32f1xx_hal_adc.o
    0x080011e0   0x080011e0   0x000000dc   Code   RO          516    i.HAL_ADC_IRQHandler  stm32f1xx_hal_adc.o
    0x080012bc   0x080012bc   0x0000011c   Code   RO          517    i.HAL_ADC_Init      stm32f1xx_hal_adc.o
    0x080013d8   0x080013d8   0x00000002   Code   RO          518    i.HAL_ADC_LevelOutOfWindowCallback  stm32f1xx_hal_adc.o
    0x080013da   0x080013da   0x00000002   PAD
    0x080013dc   0x080013dc   0x00000068   Code   RO          344    i.HAL_ADC_MspInit   stm32f1xx_hal_msp.o
    0x08001444   0x08001444   0x0000013c   Code   RO          521    i.HAL_ADC_PollForConversion  stm32f1xx_hal_adc.o
    0x08001580   0x08001580   0x000000c0   Code   RO          523    i.HAL_ADC_Start     stm32f1xx_hal_adc.o
    0x08001640   0x08001640   0x00000034   Code   RO          526    i.HAL_ADC_Stop      stm32f1xx_hal_adc.o
    0x08001674   0x08001674   0x00000022   Code   RO         1759    i.HAL_CRC_Init      stm32f1xx_hal_crc.o
    0x08001696   0x08001696   0x00000002   PAD
    0x08001698   0x08001698   0x00000028   Code   RO          346    i.HAL_CRC_MspInit   stm32f1xx_hal_msp.o
    0x080016c0   0x080016c0   0x00000046   Code   RO         1159    i.HAL_DMA_Abort     stm32f1xx_hal_dma.o
    0x08001706   0x08001706   0x00000002   PAD
    0x08001708   0x08001708   0x00000098   Code   RO         1160    i.HAL_DMA_Abort_IT  stm32f1xx_hal_dma.o
    0x080017a0   0x080017a0   0x00000006   Code   RO         1163    i.HAL_DMA_GetState  stm32f1xx_hal_dma.o
    0x080017a6   0x080017a6   0x00000002   PAD
    0x080017a8   0x080017a8   0x00000024   Code   RO          785    i.HAL_Delay         stm32f1xx_hal.o
    0x080017cc   0x080017cc   0x000001e0   Code   RO         1095    i.HAL_GPIO_Init     stm32f1xx_hal_gpio.o
    0x080019ac   0x080019ac   0x0000000a   Code   RO         1097    i.HAL_GPIO_ReadPin  stm32f1xx_hal_gpio.o
    0x080019b6   0x080019b6   0x0000000a   Code   RO         1099    i.HAL_GPIO_WritePin  stm32f1xx_hal_gpio.o
    0x080019c0   0x080019c0   0x0000000c   Code   RO          789    i.HAL_GetTick       stm32f1xx_hal.o
    0x080019cc   0x080019cc   0x00000002   Code   RO         1815    i.HAL_I2C_AbortCpltCallback  stm32f1xx_hal_i2c.o
    0x080019ce   0x080019ce   0x00000002   Code   RO         1816    i.HAL_I2C_AddrCallback  stm32f1xx_hal_i2c.o
    0x080019d0   0x080019d0   0x000000c4   Code   RO         1819    i.HAL_I2C_ER_IRQHandler  stm32f1xx_hal_i2c.o
    0x08001a94   0x08001a94   0x00000230   Code   RO         1820    i.HAL_I2C_EV_IRQHandler  stm32f1xx_hal_i2c.o
    0x08001cc4   0x08001cc4   0x00000002   Code   RO         1822    i.HAL_I2C_ErrorCallback  stm32f1xx_hal_i2c.o
    0x08001cc6   0x08001cc6   0x00000002   PAD
    0x08001cc8   0x08001cc8   0x00000188   Code   RO         1826    i.HAL_I2C_Init      stm32f1xx_hal_i2c.o
    0x08001e50   0x08001e50   0x00000002   Code   RO         1828    i.HAL_I2C_ListenCpltCallback  stm32f1xx_hal_i2c.o
    0x08001e52   0x08001e52   0x00000002   Code   RO         1829    i.HAL_I2C_MasterRxCpltCallback  stm32f1xx_hal_i2c.o
    0x08001e54   0x08001e54   0x00000002   Code   RO         1830    i.HAL_I2C_MasterTxCpltCallback  stm32f1xx_hal_i2c.o
    0x08001e56   0x08001e56   0x00000002   PAD
    0x08001e58   0x08001e58   0x0000012c   Code   RO         1839    i.HAL_I2C_Master_Transmit  stm32f1xx_hal_i2c.o
    0x08001f84   0x08001f84   0x00000002   Code   RO         1842    i.HAL_I2C_MemRxCpltCallback  stm32f1xx_hal_i2c.o
    0x08001f86   0x08001f86   0x00000002   Code   RO         1843    i.HAL_I2C_MemTxCpltCallback  stm32f1xx_hal_i2c.o
    0x08001f88   0x08001f88   0x0000007c   Code   RO          348    i.HAL_I2C_MspInit   stm32f1xx_hal_msp.o
    0x08002004   0x08002004   0x00000002   Code   RO         1852    i.HAL_I2C_SlaveRxCpltCallback  stm32f1xx_hal_i2c.o
    0x08002006   0x08002006   0x00000002   Code   RO         1853    i.HAL_I2C_SlaveTxCpltCallback  stm32f1xx_hal_i2c.o
    0x08002008   0x08002008   0x0000005e   Code   RO         3910    i.HAL_IWDG_Init     stm32f1xx_hal_iwdg.o
    0x08002066   0x08002066   0x0000000c   Code   RO         3911    i.HAL_IWDG_Refresh  stm32f1xx_hal_iwdg.o
    0x08002072   0x08002072   0x00000002   PAD
    0x08002074   0x08002074   0x00000010   Code   RO          795    i.HAL_IncTick       stm32f1xx_hal.o
    0x08002084   0x08002084   0x00000024   Code   RO          796    i.HAL_Init          stm32f1xx_hal.o
    0x080020a8   0x080020a8   0x00000074   Code   RO          427    i.HAL_InitTick      stm32f1xx_hal_timebase_tim.o
    0x0800211c   0x0800211c   0x00000048   Code   RO          349    i.HAL_MspInit       stm32f1xx_hal_msp.o
    0x08002164   0x08002164   0x0000001a   Code   RO         1255    i.HAL_NVIC_EnableIRQ  stm32f1xx_hal_cortex.o
    0x0800217e   0x0800217e   0x00000002   PAD
    0x08002180   0x08002180   0x00000040   Code   RO         1261    i.HAL_NVIC_SetPriority  stm32f1xx_hal_cortex.o
    0x080021c0   0x080021c0   0x00000024   Code   RO         1262    i.HAL_NVIC_SetPriorityGrouping  stm32f1xx_hal_cortex.o
    0x080021e4   0x080021e4   0x000000a4   Code   RO         1056    i.HAL_RCCEx_GetPeriphCLKFreq  stm32f1xx_hal_rcc_ex.o
    0x08002288   0x08002288   0x000000ec   Code   RO         1057    i.HAL_RCCEx_PeriphCLKConfig  stm32f1xx_hal_rcc_ex.o
    0x08002374   0x08002374   0x0000012c   Code   RO          953    i.HAL_RCC_ClockConfig  stm32f1xx_hal_rcc.o
    0x080024a0   0x080024a0   0x00000040   Code   RO          957    i.HAL_RCC_GetClockConfig  stm32f1xx_hal_rcc.o
    0x080024e0   0x080024e0   0x00000020   Code   RO          960    i.HAL_RCC_GetPCLK1Freq  stm32f1xx_hal_rcc.o
    0x08002500   0x08002500   0x00000020   Code   RO          961    i.HAL_RCC_GetPCLK2Freq  stm32f1xx_hal_rcc.o
    0x08002520   0x08002520   0x0000004c   Code   RO          962    i.HAL_RCC_GetSysClockFreq  stm32f1xx_hal_rcc.o
    0x0800256c   0x0800256c   0x00000320   Code   RO          965    i.HAL_RCC_OscConfig  stm32f1xx_hal_rcc.o
    0x0800288c   0x0800288c   0x000000b2   Code   RO         2263    i.HAL_SPI_Init      stm32f1xx_hal_spi.o
    0x0800293e   0x0800293e   0x00000002   PAD
    0x08002940   0x08002940   0x00000070   Code   RO          351    i.HAL_SPI_MspInit   stm32f1xx_hal_msp.o
    0x080029b0   0x080029b0   0x00000002   Code   RO         3280    i.HAL_TIMEx_BreakCallback  stm32f1xx_hal_tim_ex.o
    0x080029b2   0x080029b2   0x00000002   Code   RO         3281    i.HAL_TIMEx_CommutCallback  stm32f1xx_hal_tim_ex.o
    0x080029b4   0x080029b4   0x0000005a   Code   RO         2576    i.HAL_TIM_Base_Init  stm32f1xx_hal_tim.o
    0x08002a0e   0x08002a0e   0x00000002   Code   RO         2578    i.HAL_TIM_Base_MspInit  stm32f1xx_hal_tim.o
    0x08002a10   0x08002a10   0x00000058   Code   RO         2581    i.HAL_TIM_Base_Start_IT  stm32f1xx_hal_tim.o
    0x08002a68   0x08002a68   0x00000002   Code   RO         2610    i.HAL_TIM_IC_CaptureCallback  stm32f1xx_hal_tim.o
    0x08002a6a   0x08002a6a   0x00000130   Code   RO         2624    i.HAL_TIM_IRQHandler  stm32f1xx_hal_tim.o
    0x08002b9a   0x08002b9a   0x00000002   Code   RO         2627    i.HAL_TIM_OC_DelayElapsedCallback  stm32f1xx_hal_tim.o
    0x08002b9c   0x08002b9c   0x00000002   Code   RO         2654    i.HAL_TIM_PWM_PulseFinishedCallback  stm32f1xx_hal_tim.o
    0x08002b9e   0x08002b9e   0x00000002   PAD
    0x08002ba0   0x08002ba0   0x00000014   Code   RO         5473    i.HAL_TIM_PeriodElapsedCallback  delay.o
    0x08002bb4   0x08002bb4   0x00000002   Code   RO         2667    i.HAL_TIM_TriggerCallback  stm32f1xx_hal_tim.o
    0x08002bb6   0x08002bb6   0x00000002   Code   RO         3559    i.HAL_UARTEx_RxEventCallback  stm32f1xx_hal_uart.o
    0x08002bb8   0x08002bb8   0x00000002   Code   RO         3573    i.HAL_UART_ErrorCallback  stm32f1xx_hal_uart.o
    0x08002bba   0x08002bba   0x00000002   PAD
    0x08002bbc   0x08002bbc   0x0000026c   Code   RO         3576    i.HAL_UART_IRQHandler  stm32f1xx_hal_uart.o
    0x08002e28   0x08002e28   0x00000064   Code   RO         3577    i.HAL_UART_Init     stm32f1xx_hal_uart.o
    0x08002e8c   0x08002e8c   0x000000d8   Code   RO          353    i.HAL_UART_MspInit  stm32f1xx_hal_msp.o
    0x08002f64   0x08002f64   0x000000b0   Code   RO         3580    i.HAL_UART_Receive  stm32f1xx_hal_uart.o
    0x08003014   0x08003014   0x00000002   Code   RO         3583    i.HAL_UART_RxCpltCallback  stm32f1xx_hal_uart.o
    0x08003016   0x08003016   0x000000a0   Code   RO         3585    i.HAL_UART_Transmit  stm32f1xx_hal_uart.o
    0x080030b6   0x080030b6   0x00000002   Code   RO         3588    i.HAL_UART_TxCpltCallback  stm32f1xx_hal_uart.o
    0x080030b8   0x080030b8   0x00000002   Code   RO          252    i.HardFault_Handler  stm32f1xx_it.o
    0x080030ba   0x080030ba   0x00000002   PAD
    0x080030bc   0x080030bc   0x0000000c   Code   RO          253    i.I2C1_ER_IRQHandler  stm32f1xx_it.o
    0x080030c8   0x080030c8   0x0000000c   Code   RO          254    i.I2C1_EV_IRQHandler  stm32f1xx_it.o
    0x080030d4   0x080030d4   0x000000bc   Code   RO         1864    i.I2C_DMAAbort      stm32f1xx_hal_i2c.o
    0x08003190   0x08003190   0x00000010   Code   RO         1867    i.I2C_Flush_DR      stm32f1xx_hal_i2c.o
    0x080031a0   0x080031a0   0x00000158   Code   RO         1868    i.I2C_ITError       stm32f1xx_hal_i2c.o
    0x080032f8   0x080032f8   0x0000002e   Code   RO         1869    i.I2C_IsAcknowledgeFailed  stm32f1xx_hal_i2c.o
    0x08003326   0x08003326   0x000000da   Code   RO         1870    i.I2C_MasterReceive_BTF  stm32f1xx_hal_i2c.o
    0x08003400   0x08003400   0x000000f4   Code   RO         1871    i.I2C_MasterReceive_RXNE  stm32f1xx_hal_i2c.o
    0x080034f4   0x080034f4   0x0000009c   Code   RO         1873    i.I2C_MasterRequestWrite  stm32f1xx_hal_i2c.o
    0x08003590   0x08003590   0x00000082   Code   RO         1874    i.I2C_MasterTransmit_BTF  stm32f1xx_hal_i2c.o
    0x08003612   0x08003612   0x00000002   PAD
    0x08003614   0x08003614   0x000000b6   Code   RO         1875    i.I2C_MasterTransmit_TXE  stm32f1xx_hal_i2c.o
    0x080036ca   0x080036ca   0x00000002   PAD
    0x080036cc   0x080036cc   0x00000158   Code   RO         1876    i.I2C_Master_ADDR   stm32f1xx_hal_i2c.o
    0x08003824   0x08003824   0x0000008c   Code   RO         1877    i.I2C_Master_SB     stm32f1xx_hal_i2c.o
    0x080038b0   0x080038b0   0x000000a8   Code   RO         1878    i.I2C_MemoryTransmit_TXE_BTF  stm32f1xx_hal_i2c.o
    0x08003958   0x08003958   0x00000046   Code   RO         1881    i.I2C_Slave_ADDR    stm32f1xx_hal_i2c.o
    0x0800399e   0x0800399e   0x00000002   PAD
    0x080039a0   0x080039a0   0x00000090   Code   RO         1882    i.I2C_Slave_AF      stm32f1xx_hal_i2c.o
    0x08003a30   0x08003a30   0x0000015c   Code   RO         1883    i.I2C_Slave_STOPF   stm32f1xx_hal_i2c.o
    0x08003b8c   0x08003b8c   0x00000056   Code   RO         1884    i.I2C_WaitOnBTFFlagUntilTimeout  stm32f1xx_hal_i2c.o
    0x08003be2   0x08003be2   0x00000002   PAD
    0x08003be4   0x08003be4   0x00000090   Code   RO         1885    i.I2C_WaitOnFlagUntilTimeout  stm32f1xx_hal_i2c.o
    0x08003c74   0x08003c74   0x000000bc   Code   RO         1886    i.I2C_WaitOnMasterAddressFlagUntilTimeout  stm32f1xx_hal_i2c.o
    0x08003d30   0x08003d30   0x00000056   Code   RO         1888    i.I2C_WaitOnTXEFlagUntilTimeout  stm32f1xx_hal_i2c.o
    0x08003d86   0x08003d86   0x00000002   PAD
    0x08003d88   0x08003d88   0x00000024   Code   RO         5329    i.LDR_Calculate_Lux  adc.o
    0x08003dac   0x08003dac   0x0000001c   Code   RO         5331    i.LDR_Get_Light_Level  adc.o
    0x08003dc8   0x08003dc8   0x00000050   Code   RO         5332    i.LDR_Read_Average  adc.o
    0x08003e18   0x08003e18   0x00000038   Code   RO         5333    i.LDR_Read_Raw      adc.o
    0x08003e50   0x08003e50   0x0000001c   Code   RO         5335    i.MQ135_Air_Quality_Detect  adc.o
    0x08003e6c   0x08003e6c   0x00000054   Code   RO         5336    i.MQ135_Calculate_PPM  adc.o
    0x08003ec0   0x08003ec0   0x00000050   Code   RO         5338    i.MQ135_Read_Average  adc.o
    0x08003f10   0x08003f10   0x00000038   Code   RO         5339    i.MQ135_Read_Raw    adc.o
    0x08003f48   0x08003f48   0x00000050   Code   RO         5342    i.MQ2_Read_Average  adc.o
    0x08003f98   0x08003f98   0x00000040   Code   RO         5343    i.MQ2_Read_PPM      adc.o
    0x08003fd8   0x08003fd8   0x00000038   Code   RO         5344    i.MQ2_Read_Raw      adc.o
    0x08004010   0x08004010   0x0000001c   Code   RO         5346    i.MQ2_Smoke_Detect  adc.o
    0x0800402c   0x0800402c   0x0000007c   Code   RO         5347    i.MX_ADC1_Init      adc.o
    0x080040a8   0x080040a8   0x00000024   Code   RO         5474    i.MX_CRC_Init       delay.o
    0x080040cc   0x080040cc   0x000000bc   Code   RO         5738    i.MX_GPIO_Init      oled.o
    0x08004188   0x08004188   0x00000040   Code   RO         5739    i.MX_I2C1_Init      oled.o
    0x080041c8   0x080041c8   0x00000048   Code   RO         5850    i.MX_SPI1_Init      spi.o
    0x08004210   0x08004210   0x00000028   Code   RO         5597    i.MX_USART1_UART_Init  esp8266.o
    0x08004238   0x08004238   0x00000028   Code   RO         5598    i.MX_USART2_UART_Init  esp8266.o
    0x08004260   0x08004260   0x00000002   Code   RO          255    i.MemManage_Handler  stm32f1xx_it.o
    0x08004262   0x08004262   0x00000002   Code   RO          256    i.NMI_Handler       stm32f1xx_it.o
    0x08004264   0x08004264   0x00000108   Code   RO         5971    i.Network_CheckSensorFaults  task_network.o
    0x0800436c   0x0800436c   0x00000078   Code   RO         5972    i.Network_GetStateString  task_network.o
    0x080043e4   0x080043e4   0x00000080   Code   RO         5973    i.Network_SendSensorData  task_network.o
    0x08004464   0x08004464   0x00000040   Code   RO         5974    i.Network_SendStatusInfo  task_network.o
    0x080044a4   0x080044a4   0x0000003c   Code   RO         5740    i.OLED_Clear        oled.o
    0x080044e0   0x080044e0   0x00000022   Code   RO         5741    i.OLED_Clear_Line   oled.o
    0x08004502   0x08004502   0x0000001e   Code   RO         5742    i.OLED_Display_Off  oled.o
    0x08004520   0x08004520   0x0000001e   Code   RO         5743    i.OLED_Display_On   oled.o
    0x0800453e   0x0800453e   0x000000f0   Code   RO         5744    i.OLED_Init         oled.o
    0x0800462e   0x0800462e   0x00000028   Code   RO         5745    i.OLED_Set_Pos      oled.o
    0x08004656   0x08004656   0x00000002   PAD
    0x08004658   0x08004658   0x00000074   Code   RO         5746    i.OLED_ShowChar     oled.o
    0x080046cc   0x080046cc   0x0000006c   Code   RO         5747    i.OLED_ShowFloat    oled.o
    0x08004738   0x08004738   0x0000004a   Code   RO         5748    i.OLED_ShowNum      oled.o
    0x08004782   0x08004782   0x00000032   Code   RO         5749    i.OLED_ShowString   oled.o
    0x080047b4   0x080047b4   0x00000024   Code   RO         5750    i.OLED_WR_Byte      oled.o
    0x080047d8   0x080047d8   0x00000056   Code   RO         6079    i.StartDefaultTask  task_default.o
    0x0800482e   0x0800482e   0x00000002   PAD
    0x08004830   0x08004830   0x00000350   Code   RO         5937    i.StartDisplayTask  task_display.o
    0x08004b80   0x08004b80   0x000001c8   Code   RO         5975    i.StartMQTTTask     task_network.o
    0x08004d48   0x08004d48   0x000001e8   Code   RO         6046    i.StartSensorTask   task_sensors.o
    0x08004f30   0x08004f30   0x0000002c   Code   RO         5249    i.SysTick_Handler   port.o
    0x08004f5c   0x08004f5c   0x00000078   Code   RO         5475    i.SystemClock_Config  delay.o
    0x08004fd4   0x08004fd4   0x00000002   Code   RO         3941    i.SystemInit        system_stm32f1xx.o
    0x08004fd6   0x08004fd6   0x00000002   PAD
    0x08004fd8   0x08004fd8   0x0000000c   Code   RO          257    i.TIM1_UP_IRQHandler  stm32f1xx_it.o
    0x08004fe4   0x08004fe4   0x00000078   Code   RO         2669    i.TIM_Base_SetConfig  stm32f1xx_hal_tim.o
    0x0800505c   0x0800505c   0x00000010   Code   RO         3590    i.UART_DMAAbortOnError  stm32f1xx_hal_uart.o
    0x0800506c   0x0800506c   0x0000004e   Code   RO         3600    i.UART_EndRxTransfer  stm32f1xx_hal_uart.o
    0x080050ba   0x080050ba   0x000000c2   Code   RO         3602    i.UART_Receive_IT   stm32f1xx_hal_uart.o
    0x0800517c   0x0800517c   0x000000b8   Code   RO         3603    i.UART_SetConfig    stm32f1xx_hal_uart.o
    0x08005234   0x08005234   0x00000072   Code   RO         3606    i.UART_WaitOnFlagUntilTimeout  stm32f1xx_hal_uart.o
    0x080052a6   0x080052a6   0x00000002   PAD
    0x080052a8   0x080052a8   0x0000000c   Code   RO          258    i.USART1_IRQHandler  stm32f1xx_it.o
    0x080052b4   0x080052b4   0x0000000c   Code   RO          259    i.USART2_IRQHandler  stm32f1xx_it.o
    0x080052c0   0x080052c0   0x00000002   Code   RO          260    i.UsageFault_Handler  stm32f1xx_it.o
    0x080052c2   0x080052c2   0x00000002   PAD
    0x080052c4   0x080052c4   0x00000050   Code   RO         5881    i.Watchdog_Check_All_Tasks  watchdog.o
    0x08005314   0x08005314   0x00000018   Code   RO         5882    i.Watchdog_Feed     watchdog.o
    0x0800532c   0x0800532c   0x00000054   Code   RO         5884    i.Watchdog_Init     watchdog.o
    0x08005380   0x08005380   0x00000028   Code   RO         5885    i.Watchdog_Task_Heartbeat  watchdog.o
    0x080053a8   0x080053a8   0x00000028   Code   RO         6358    i.__0sprintf        mc_w.l(printfa.o)
    0x080053d0   0x080053d0   0x00000020   Code   RO         1268    i.__NVIC_SetPriority  stm32f1xx_hal_cortex.o
    0x080053f0   0x080053f0   0x0000000e   Code   RO         6446    i.__scatterload_copy  mc_w.l(handlers.o)
    0x080053fe   0x080053fe   0x00000002   Code   RO         6447    i.__scatterload_null  mc_w.l(handlers.o)
    0x08005400   0x08005400   0x0000000e   Code   RO         6448    i.__scatterload_zeroinit  mc_w.l(handlers.o)
    0x0800540e   0x0800540e   0x00000002   PAD
    0x08005410   0x08005410   0x00000184   Code   RO         6363    i._fp_digits        mc_w.l(printfa.o)
    0x08005594   0x08005594   0x000006b4   Code   RO         6364    i._printf_core      mc_w.l(printfa.o)
    0x08005c48   0x08005c48   0x00000024   Code   RO         6365    i._printf_post_padding  mc_w.l(printfa.o)
    0x08005c6c   0x08005c6c   0x0000002e   Code   RO         6366    i._printf_pre_padding  mc_w.l(printfa.o)
    0x08005c9a   0x08005c9a   0x0000000a   Code   RO         6368    i._sputc            mc_w.l(printfa.o)
    0x08005ca4   0x08005ca4   0x0000000c   Code   RO         4800    i.inHandlerMode     cmsis_os.o
    0x08005cb0   0x08005cb0   0x000000b8   Code   RO           14    i.main              main.o
    0x08005d68   0x08005d68   0x0000000c   Code   RO         4802    i.makeFreeRtosPriority  cmsis_os.o
    0x08005d74   0x08005d74   0x00000010   Code   RO         5751    i.oled_pow          oled.o
    0x08005d84   0x08005d84   0x0000000e   Code   RO         4804    i.osDelay           cmsis_os.o
    0x08005d92   0x08005d92   0x0000000a   Code   RO         4807    i.osKernelStart     cmsis_os.o
    0x08005d9c   0x08005d9c   0x00000010   Code   RO         4822    i.osMutexCreate     cmsis_os.o
    0x08005dac   0x08005dac   0x00000050   Code   RO         4824    i.osMutexRelease    cmsis_os.o
    0x08005dfc   0x08005dfc   0x00000064   Code   RO         4825    i.osMutexWait       cmsis_os.o
    0x08005e60   0x08005e60   0x00000054   Code   RO         4841    i.osThreadCreate    cmsis_os.o
    0x08005eb4   0x08005eb4   0x00000070   Code   RO         4456    i.prvAddCurrentTaskToDelayedList  tasks.o
    0x08005f24   0x08005f24   0x000000d0   Code   RO         4457    i.prvAddNewTaskToReadyList  tasks.o
    0x08005ff4   0x08005ff4   0x00000026   Code   RO         4119    i.prvCopyDataFromQueue  queue.o
    0x0800601a   0x0800601a   0x0000006c   Code   RO         4120    i.prvCopyDataToQueue  queue.o
    0x08006086   0x08006086   0x00000034   Code   RO         4458    i.prvDeleteTCB      tasks.o
    0x080060ba   0x080060ba   0x00000002   PAD
    0x080060bc   0x080060bc   0x0000004c   Code   RO         5181    i.prvHeapInit       heap_4.o
    0x08006108   0x08006108   0x00000060   Code   RO         4459    i.prvIdleTask       tasks.o
    0x08006168   0x08006168   0x00000016   Code   RO         4121    i.prvInitialiseMutex  queue.o
    0x0800617e   0x0800617e   0x00000016   Code   RO         4122    i.prvInitialiseNewQueue  queue.o
    0x08006194   0x08006194   0x000000b0   Code   RO         4460    i.prvInitialiseNewTask  tasks.o
    0x08006244   0x08006244   0x0000004c   Code   RO         5182    i.prvInsertBlockIntoFreeList  heap_4.o
    0x08006290   0x08006290   0x0000001c   Code   RO         4123    i.prvIsQueueEmpty   queue.o
    0x080062ac   0x080062ac   0x00000020   Code   RO         4461    i.prvResetNextTaskUnblockTime  tasks.o
    0x080062cc   0x080062cc   0x00000028   Code   RO         5250    i.prvTaskExitError  port.o
    0x080062f4   0x080062f4   0x0000006a   Code   RO         4124    i.prvUnlockQueue    queue.o
    0x0800635e   0x0800635e   0x00000002   PAD
    0x08006360   0x08006360   0x000000e8   Code   RO         5183    i.pvPortMalloc      heap_4.o
    0x08006448   0x08006448   0x00000018   Code   RO         4464    i.pvTaskIncrementMutexHeldCount  tasks.o
    0x08006460   0x08006460   0x00000024   Code   RO         5251    i.pxPortInitialiseStack  port.o
    0x08006484   0x08006484   0x00000026   Code   RO         4079    i.uxListRemove      list.o
    0x080064aa   0x080064aa   0x00000002   PAD
    0x080064ac   0x080064ac   0x00000014   Code   RO          209    i.vApplicationGetIdleTaskMemory  freertos.o
    0x080064c0   0x080064c0   0x00000002   Code   RO          210    i.vApplicationMallocFailedHook  freertos.o
    0x080064c2   0x080064c2   0x00000016   Code   RO         4080    i.vListInitialise   list.o
    0x080064d8   0x080064d8   0x00000006   Code   RO         4081    i.vListInitialiseItem  list.o
    0x080064de   0x080064de   0x00000030   Code   RO         4082    i.vListInsert       list.o
    0x0800650e   0x0800650e   0x00000018   Code   RO         4083    i.vListInsertEnd    list.o
    0x08006526   0x08006526   0x00000002   PAD
    0x08006528   0x08006528   0x00000040   Code   RO         5253    i.vPortEnterCritical  port.o
    0x08006568   0x08006568   0x00000028   Code   RO         5254    i.vPortExitCritical  port.o
    0x08006590   0x08006590   0x00000064   Code   RO         5184    i.vPortFree         heap_4.o
    0x080065f4   0x080065f4   0x00000024   Code   RO         5255    i.vPortSetupTimerInterrupt  port.o
    0x08006618   0x08006618   0x00000054   Code   RO         5256    i.vPortValidateInterruptPriority  port.o
    0x0800666c   0x0800666c   0x0000004c   Code   RO         4472    i.vTaskDelay        tasks.o
    0x080066b8   0x080066b8   0x00000010   Code   RO         4476    i.vTaskInternalSetTimeOutState  tasks.o
    0x080066c8   0x080066c8   0x0000000c   Code   RO         4477    i.vTaskMissedYield  tasks.o
    0x080066d4   0x080066d4   0x00000030   Code   RO         4479    i.vTaskPlaceOnEventList  tasks.o
    0x08006704   0x08006704   0x000000a0   Code   RO         4481    i.vTaskPriorityDisinheritAfterTimeout  tasks.o
    0x080067a4   0x080067a4   0x0000006c   Code   RO         4486    i.vTaskStartScheduler  tasks.o
    0x08006810   0x08006810   0x00000010   Code   RO         4488    i.vTaskSuspendAll   tasks.o
    0x08006820   0x08006820   0x0000005c   Code   RO         4489    i.vTaskSwitchContext  tasks.o
    0x0800687c   0x0800687c   0x000000a8   Code   RO         5257    i.xPortStartScheduler  port.o
    0x08006924   0x08006924   0x00000016   Code   RO         4133    i.xQueueCreateMutex  queue.o
    0x0800693a   0x0800693a   0x0000001a   Code   RO         4134    i.xQueueCreateMutexStatic  queue.o
    0x08006954   0x08006954   0x00000042   Code   RO         4135    i.xQueueGenericCreate  queue.o
    0x08006996   0x08006996   0x00000066   Code   RO         4136    i.xQueueGenericCreateStatic  queue.o
    0x080069fc   0x080069fc   0x00000088   Code   RO         4137    i.xQueueGenericReset  queue.o
    0x08006a84   0x08006a84   0x00000160   Code   RO         4138    i.xQueueGenericSend  queue.o
    0x08006be4   0x08006be4   0x0000009c   Code   RO         4140    i.xQueueGiveFromISR  queue.o
    0x08006c80   0x08006c80   0x0000009a   Code   RO         4146    i.xQueueReceiveFromISR  queue.o
    0x08006d1a   0x08006d1a   0x00000002   PAD
    0x08006d1c   0x08006d1c   0x00000178   Code   RO         4147    i.xQueueSemaphoreTake  queue.o
    0x08006e94   0x08006e94   0x00000074   Code   RO         4491    i.xTaskCheckForTimeOut  tasks.o
    0x08006f08   0x08006f08   0x0000005a   Code   RO         4492    i.xTaskCreate       tasks.o
    0x08006f62   0x08006f62   0x00000056   Code   RO         4493    i.xTaskCreateStatic  tasks.o
    0x08006fb8   0x08006fb8   0x0000001c   Code   RO         4498    i.xTaskGetSchedulerState  tasks.o
    0x08006fd4   0x08006fd4   0x000000cc   Code   RO         4501    i.xTaskIncrementTick  tasks.o
    0x080070a0   0x080070a0   0x00000098   Code   RO         4504    i.xTaskPriorityDisinherit  tasks.o
    0x08007138   0x08007138   0x0000008c   Code   RO         4505    i.xTaskPriorityInherit  tasks.o
    0x080071c4   0x080071c4   0x00000074   Code   RO         4506    i.xTaskRemoveFromEventList  tasks.o
    0x08007238   0x08007238   0x000000c4   Code   RO         4507    i.xTaskResumeAll    tasks.o
    0x080072fc   0x080072fc   0x00000070   Data   RO           15    .constdata          main.o
    0x0800736c   0x0800736c   0x00000012   Data   RO          966    .constdata          stm32f1xx_hal_rcc.o
    0x0800737e   0x0800737e   0x00000012   Data   RO         1058    .constdata          stm32f1xx_hal_rcc_ex.o
    0x08007390   0x08007390   0x00000010   Data   RO         3942    .constdata          system_stm32f1xx.o
    0x080073a0   0x080073a0   0x00000008   Data   RO         3943    .constdata          system_stm32f1xx.o
    0x080073a8   0x080073a8   0x00000192   Data   RO         5753    .constdata          oled.o
    0x0800753a   0x0800753a   0x00000002   PAD
    0x0800753c   0x0800753c   0x00000030   Data   RO           16    .conststring        main.o
    0x0800756c   0x0800756c   0x00000075   Data   RO         5600    .conststring        esp8266.o
    0x080075e1   0x080075e1   0x00000003   PAD
    0x080075e4   0x080075e4   0x00000020   Data   RO         5887    .conststring        watchdog.o
    0x08007604   0x08007604   0x0000004a   Data   RO         5976    .conststring        task_network.o
    0x0800764e   0x0800764e   0x00000002   PAD
    0x08007650   0x08007650   0x00000020   Data   RO         6444    Region$$Table       anon$$obj.o


    Execution Region RW_IRAM1 (Exec base: 0x20000000, Load base: 0x08007670, Size: 0x00003c28, Max: 0x00005000, ABSOLUTE)

    Exec Addr    Load Addr    Size         Type   Attr      Idx    E Section Name        Object

    0x20000000   0x08007670   0x0000001c   Data   RW           17    .data               main.o
    0x2000001c   0x0800768c   0x0000000c   Data   RW          803    .data               stm32f1xx_hal.o
    0x20000028   0x08007698   0x00000004   Data   RW         3944    .data               system_stm32f1xx.o
    0x2000002c   0x0800769c   0x0000003c   Data   RW         4510    .data               tasks.o
    0x20000068   0x080076d8   0x00000020   Data   RW         5190    .data               heap_4.o
    0x20000088   0x080076f8   0x0000000c   Data   RW         5258    .data               port.o
    0x20000094   0x08007704   0x00000008   Data   RW         5476    .data               delay.o
    0x2000009c   0x0800770c   0x00000002   Data   RW         5601    .data               esp8266.o
    0x2000009e   0x0800770e   0x00000002   PAD
    0x200000a0   0x08007710   0x00000038   Data   RW         5888    .data               watchdog.o
    0x200000d8   0x08007748   0x00000010   Data   RW         5977    .data               task_network.o
    0x200000e8   0x08007758   0x00000034   Data   RW         6047    .data               task_sensors.o
    0x2000011c   0x0800778c   0x00000001   Data   RW         6048    .data               task_sensors.o
    0x2000011d   0x0800778d   0x00000001   Data   RW         6049    .data               task_sensors.o
    0x2000011e   0x0800778e   0x00000002   PAD
    0x20000120        -       0x00000254   Zero   RW          211    .bss                freertos.o
    0x20000374        -       0x00000048   Zero   RW          430    .bss                stm32f1xx_hal_timebase_tim.o
    0x200003bc        -       0x000000f0   Zero   RW         4509    .bss                tasks.o
    0x200004ac        -       0x00003000   Zero   RW         5189    .bss                heap_4.o
    0x200034ac        -       0x00000030   Zero   RW         5348    .bss                adc.o
    0x200034dc        -       0x00000290   Zero   RW         5599    .bss                esp8266.o
    0x2000376c        -       0x00000054   Zero   RW         5752    .bss                oled.o
    0x200037c0        -       0x00000058   Zero   RW         5851    .bss                spi.o
    0x20003818        -       0x0000000c   Zero   RW         5886    .bss                watchdog.o
    0x20003824   0x0800778e   0x00000004   PAD
    0x20003828        -       0x00000400   Zero   RW            1    STACK               startup_stm32f103xb.o


==============================================================================

Image component sizes


      Code (inc. data)   RO Data    RW Data    ZI Data      Debug   Object Name

       828        104          0          0         48       8322   adc.o
       328         10          0          0          0      29320   cmsis_os.o
       176         14          0          8          0       2038   delay.o
       476         28          0          0          0       3102   dht11.o
      1118        346        117          2        656      10221   esp8266.o
         0          0          0          0          0      19860   event_groups.o
        22          4          0          0        596       1623   freertos.o
       484         26          0         32      12288       7247   heap_4.o
       138          0          0          0          0       3302   list.o
       188         10        160         28          0     498101   main.o
      1086         38        402          0         84       8495   oled.o
       662         70          0         12          0      10889   port.o
      1714         14          0          0          0      19250   queue.o
        72         10          0          0         88        647   spi.o
        36          8        236          0       1024        788   startup_stm32f103xb.o
       100         18          0         12          0       5138   stm32f1xx_hal.o
      1536         54          0          0          0       8938   stm32f1xx_hal_adc.o
         2          0          0          0          0       1029   stm32f1xx_hal_adc_ex.o
       158         14          0          0          0      28110   stm32f1xx_hal_cortex.o
        34          0          0          0          0       1011   stm32f1xx_hal_crc.o
       228          4          0          0          0       2266   stm32f1xx_hal_dma.o
       500         34          0          0          0       3455   stm32f1xx_hal_gpio.o
      4710         72          0          0          0      28143   stm32f1xx_hal_i2c.o
       106          0          0          0          0       1811   stm32f1xx_hal_iwdg.o
       668         74          0          0          0       4221   stm32f1xx_hal_msp.o
      1304         94         18          0          0       5629   stm32f1xx_hal_rcc.o
       400         28         18          0          0       2425   stm32f1xx_hal_rcc_ex.o
       178          0          0          0          0       1127   stm32f1xx_hal_spi.o
       612         24          0          0          0       7016   stm32f1xx_hal_tim.o
         4          0          0          0          0       1533   stm32f1xx_hal_tim_ex.o
       116         18          0          0         72       1371   stm32f1xx_hal_timebase_tim.o
      1650         10          0          0          0      10999   stm32f1xx_hal_uart.o
        84         36          0          0          0       5024   stm32f1xx_it.o
         0          0          0          0          0        384   stream_buffer.o
         2          0         24          4          0       1071   system_stm32f1xx.o
        86          0          0          0          0        603   task_default.o
       848        246          0          0          0       1423   task_display.o
      1032        374         74         16          0       4611   task_network.o
       488         28          0         54          0       2898   task_sensors.o
      2356        174          0         60        240      26659   tasks.o
       228         32         32         56         12       2893   watchdog.o

    ----------------------------------------------------------------------
     24824       2016       1120        288      15112     782993   Object Totals
         0          0         32          0          0          0   (incl. Generated)
        66          0          7          4          4          0   (incl. Padding)

    ----------------------------------------------------------------------

      Code (inc. data)   RO Data    RW Data    ZI Data      Debug   Library Member Name

         0          0          0          0          0          0   entry.o
         0          0          0          0          0          0   entry10a.o
         0          0          0          0          0          0   entry11a.o
         4          0          0          0          0          0   entry12b.o
         8          4          0          0          0          0   entry2.o
         4          0          0          0          0          0   entry5.o
         0          0          0          0          0          0   entry7b.o
         0          0          0          0          0          0   entry8b.o
         8          4          0          0          0          0   entry9a.o
        30          0          0          0          0          0   handlers.o
        36          8          0          0          0         68   init.o
         0          0          0          0          0          0   iusefp.o
        30          0          0          0          0         68   llshl.o
        36          0          0          0          0         68   llsshr.o
        32          0          0          0          0         68   llushr.o
        36          0          0          0          0         68   memcpya.o
        36          0          0          0          0        108   memseta.o
      2236         86          0          0          0        532   printfa.o
        14          0          0          0          0         68   strlen.o
        36          0          0          0          0         80   strstr.o
        44          0          0          0          0         80   uidiv.o
        98          0          0          0          0         92   uldiv.o
        48          0          0          0          0         68   cdrcmple.o
        20          0          0          0          0         68   cfcmple.o
       334          0          0          0          0        148   dadd.o
       222          0          0          0          0        100   ddiv.o
       186          0          0          0          0        176   depilogue.o
        48          0          0          0          0         68   dfixul.o
       228          0          0          0          0         96   dmul.o
        38          0          0          0          0         68   f2d.o
       176          0          0          0          0        140   fadd.o
       124          0          0          0          0         88   fdiv.o
       110          0          0          0          0        168   fepilogue.o
        40          0          0          0          0         68   ffixui.o
        10          0          0          0          0         68   ffltui.o
       100          0          0          0          0         76   fmul.o

    ----------------------------------------------------------------------
      4376        102          0          0          0       2700   Library Totals
         4          0          0          0          0          0   (incl. Padding)

    ----------------------------------------------------------------------

      Code (inc. data)   RO Data    RW Data    ZI Data      Debug   Library Name

      2688        102          0          0          0       1300   mc_w.l
      1684          0          0          0          0       1400   mf_w.l

    ----------------------------------------------------------------------
      4376        102          0          0          0       2700   Library Totals

    ----------------------------------------------------------------------

==============================================================================


      Code (inc. data)   RO Data    RW Data    ZI Data      Debug   

     29200       2118       1120        288      15112     771805   Grand Totals
     29200       2118       1120        288      15112     771805   ELF Image Totals
     29200       2118       1120        288          0          0   ROM Totals

==============================================================================

    Total RO  Size (Code + RO Data)                30320 (  29.61kB)
    Total RW  Size (RW Data + ZI Data)             15400 (  15.04kB)
    Total ROM Size (Code + RO Data + RW Data)      30608 (  29.89kB)

==============================================================================

